Archive member included to satisfy reference by file (symbol)

/usr/lib/gcc/arm-none-eabi/14.2.0/../../../../arm-none-eabi/lib/thumb/v6-m/nofp/libc_nano.a(libc_a-atexit.o)
                              /usr/lib/gcc/arm-none-eabi/14.2.0/../../../../arm-none-eabi/lib/thumb/v6-m/nofp/crt0.o (atexit)
/usr/lib/gcc/arm-none-eabi/14.2.0/../../../../arm-none-eabi/lib/thumb/v6-m/nofp/libc_nano.a(libc_a-exit.o)
                              /usr/lib/gcc/arm-none-eabi/14.2.0/../../../../arm-none-eabi/lib/thumb/v6-m/nofp/crt0.o (exit)
/usr/lib/gcc/arm-none-eabi/14.2.0/../../../../arm-none-eabi/lib/thumb/v6-m/nofp/libc_nano.a(libc_a-findfp.o)
                              /usr/lib/gcc/arm-none-eabi/14.2.0/../../../../arm-none-eabi/lib/thumb/v6-m/nofp/libc_nano.a(libc_a-exit.o) (__stdio_exit_handler)
/usr/lib/gcc/arm-none-eabi/14.2.0/../../../../arm-none-eabi/lib/thumb/v6-m/nofp/libc_nano.a(libc_a-fwalk.o)
                              /usr/lib/gcc/arm-none-eabi/14.2.0/../../../../arm-none-eabi/lib/thumb/v6-m/nofp/libc_nano.a(libc_a-findfp.o) (_fwalk_sglue)
/usr/lib/gcc/arm-none-eabi/14.2.0/../../../../arm-none-eabi/lib/thumb/v6-m/nofp/libc_nano.a(libc_a-printf.o)
                              build/usbd_core.o (printf)
/usr/lib/gcc/arm-none-eabi/14.2.0/../../../../arm-none-eabi/lib/thumb/v6-m/nofp/libc_nano.a(libc_a-putchar.o)
                              build/usbd_core.o (putchar)
/usr/lib/gcc/arm-none-eabi/14.2.0/../../../../arm-none-eabi/lib/thumb/v6-m/nofp/libc_nano.a(libc_a-snprintf.o)
                              build/main.o (snprintf)
/usr/lib/gcc/arm-none-eabi/14.2.0/../../../../arm-none-eabi/lib/thumb/v6-m/nofp/libc_nano.a(libc_a-stdio.o)
                              /usr/lib/gcc/arm-none-eabi/14.2.0/../../../../arm-none-eabi/lib/thumb/v6-m/nofp/libc_nano.a(libc_a-findfp.o) (__sread)
/usr/lib/gcc/arm-none-eabi/14.2.0/../../../../arm-none-eabi/lib/thumb/v6-m/nofp/libc_nano.a(libc_a-memset.o)
                              /usr/lib/gcc/arm-none-eabi/14.2.0/../../../../arm-none-eabi/lib/thumb/v6-m/nofp/crt0.o (memset)
/usr/lib/gcc/arm-none-eabi/14.2.0/../../../../arm-none-eabi/lib/thumb/v6-m/nofp/libc_nano.a(libc_a-closer.o)
                              /usr/lib/gcc/arm-none-eabi/14.2.0/../../../../arm-none-eabi/lib/thumb/v6-m/nofp/libc_nano.a(libc_a-stdio.o) (_close_r)
/usr/lib/gcc/arm-none-eabi/14.2.0/../../../../arm-none-eabi/lib/thumb/v6-m/nofp/libc_nano.a(libc_a-reent.o)
                              /usr/lib/gcc/arm-none-eabi/14.2.0/../../../../arm-none-eabi/lib/thumb/v6-m/nofp/libc_nano.a(libc_a-closer.o) (errno)
/usr/lib/gcc/arm-none-eabi/14.2.0/../../../../arm-none-eabi/lib/thumb/v6-m/nofp/libc_nano.a(libc_a-impure.o)
                              /usr/lib/gcc/arm-none-eabi/14.2.0/../../../../arm-none-eabi/lib/thumb/v6-m/nofp/libc_nano.a(libc_a-printf.o) (_impure_ptr)
/usr/lib/gcc/arm-none-eabi/14.2.0/../../../../arm-none-eabi/lib/thumb/v6-m/nofp/libc_nano.a(libc_a-lseekr.o)
                              /usr/lib/gcc/arm-none-eabi/14.2.0/../../../../arm-none-eabi/lib/thumb/v6-m/nofp/libc_nano.a(libc_a-stdio.o) (_lseek_r)
/usr/lib/gcc/arm-none-eabi/14.2.0/../../../../arm-none-eabi/lib/thumb/v6-m/nofp/libc_nano.a(libc_a-readr.o)
                              /usr/lib/gcc/arm-none-eabi/14.2.0/../../../../arm-none-eabi/lib/thumb/v6-m/nofp/libc_nano.a(libc_a-stdio.o) (_read_r)
/usr/lib/gcc/arm-none-eabi/14.2.0/../../../../arm-none-eabi/lib/thumb/v6-m/nofp/libc_nano.a(libc_a-writer.o)
                              /usr/lib/gcc/arm-none-eabi/14.2.0/../../../../arm-none-eabi/lib/thumb/v6-m/nofp/libc_nano.a(libc_a-stdio.o) (_write_r)
/usr/lib/gcc/arm-none-eabi/14.2.0/../../../../arm-none-eabi/lib/thumb/v6-m/nofp/libc_nano.a(libc_a-init.o)
                              /usr/lib/gcc/arm-none-eabi/14.2.0/../../../../arm-none-eabi/lib/thumb/v6-m/nofp/crt0.o (__libc_init_array)
/usr/lib/gcc/arm-none-eabi/14.2.0/../../../../arm-none-eabi/lib/thumb/v6-m/nofp/libc_nano.a(libc_a-fini.o)
                              /usr/lib/gcc/arm-none-eabi/14.2.0/../../../../arm-none-eabi/lib/thumb/v6-m/nofp/crt0.o (__libc_fini_array)
/usr/lib/gcc/arm-none-eabi/14.2.0/../../../../arm-none-eabi/lib/thumb/v6-m/nofp/libc_nano.a(libc_a-lock.o)
                              /usr/lib/gcc/arm-none-eabi/14.2.0/../../../../arm-none-eabi/lib/thumb/v6-m/nofp/libc_nano.a(libc_a-findfp.o) (__retarget_lock_init_recursive)
/usr/lib/gcc/arm-none-eabi/14.2.0/../../../../arm-none-eabi/lib/thumb/v6-m/nofp/libc_nano.a(libc_a-memcpy-stub.o)
                              build/main.o (memcpy)
/usr/lib/gcc/arm-none-eabi/14.2.0/../../../../arm-none-eabi/lib/thumb/v6-m/nofp/libc_nano.a(libc_a-strlen.o)
                              build/main.o (strlen)
/usr/lib/gcc/arm-none-eabi/14.2.0/../../../../arm-none-eabi/lib/thumb/v6-m/nofp/libc_nano.a(libc_a-__atexit.o)
                              /usr/lib/gcc/arm-none-eabi/14.2.0/../../../../arm-none-eabi/lib/thumb/v6-m/nofp/libc_nano.a(libc_a-atexit.o) (__register_exitproc)
[...]
Memory Configuration

Name             Origin             Length             Attributes
RAM              0x20000000         0x00024000         xrw
FLASH            0x08000000         0x00080000         xr
*default*        0x00000000         0xffffffff

Linker script and memory map

LOAD /usr/lib/gcc/arm-none-eabi/14.2.0/thumb/v6-m/nofp/crti.o
LOAD /usr/lib/gcc/arm-none-eabi/14.2.0/thumb/v6-m/nofp/crtbegin.o
LOAD /usr/lib/gcc/arm-none-eabi/14.2.0/../../../../arm-none-eabi/lib/thumb/v6-m/nofp/crt0.o
LOAD build/main.o
LOAD build/gpio.o
LOAD build/adc.o
LOAD build/dma.o
LOAD build/fdcan.o
LOAD build/iwdg.o
LOAD build/spi.o
LOAD build/tim.o
LOAD build/stm32g0xx_it.o
LOAD build/stm32g0xx_hal_msp.o
LOAD build/stm32g0xx_hal_timebase_tim.o
LOAD build/usb_device.o
LOAD build/usbd_desc.o
LOAD build/usbd_cdc_if.o
LOAD build/usbd_conf.o
LOAD build/stm32g0xx_hal_tim.o
LOAD build/stm32g0xx_hal_tim_ex.o
LOAD build/stm32g0xx_hal_pcd.o
LOAD build/stm32g0xx_hal_pcd_ex.o
LOAD build/stm32g0xx_ll_usb.o
LOAD build/stm32g0xx_hal_rcc.o
LOAD build/stm32g0xx_hal_rcc_ex.o
LOAD build/stm32g0xx_ll_rcc.o
LOAD build/stm32g0xx_hal_flash.o
LOAD build/stm32g0xx_hal_flash_ex.o
LOAD build/stm32g0xx_hal_gpio.o
LOAD build/stm32g0xx_hal_dma.o
LOAD build/stm32g0xx_hal_dma_ex.o
LOAD build/stm32g0xx_ll_dma.o
LOAD build/stm32g0xx_hal_pwr.o
LOAD build/stm32g0xx_hal_pwr_ex.o
LOAD build/stm32g0xx_hal_cortex.o
LOAD build/stm32g0xx_hal.o
LOAD build/stm32g0xx_hal_exti.o
LOAD build/stm32g0xx_hal_adc.o
LOAD build/stm32g0xx_hal_adc_ex.o
LOAD build/stm32g0xx_ll_adc.o
LOAD build/stm32g0xx_hal_fdcan.o
LOAD build/stm32g0xx_hal_iwdg.o
LOAD build/stm32g0xx_hal_spi.o
LOAD build/stm32g0xx_hal_spi_ex.o
LOAD build/system_stm32g0xx.o
LOAD build/usbd_core.o
LOAD build/usbd_ctlreq.o
LOAD build/usbd_ioreq.o
LOAD build/usbd_cdc.o
LOAD build/startup_stm32g0b1xx.o
LOAD /usr/lib/gcc/arm-none-eabi/14.2.0/../../../../arm-none-eabi/lib/thumb/v6-m/nofp/libc_nano.a
LOAD /usr/lib/gcc/arm-none-eabi/14.2.0/../../../../arm-none-eabi/lib/thumb/v6-m/nofp/libm.a
LOAD /usr/lib/gcc/arm-none-eabi/14.2.0/../../../../arm-none-eabi/lib/thumb/v6-m/nofp/libnosys.a
START GROUP
LOAD /usr/lib/gcc/arm-none-eabi/14.2.0/thumb/v6-m/nofp/libgcc.a
LOAD /usr/lib/gcc/arm-none-eabi/14.2.0/../../../../arm-none-eabi/lib/thumb/v6-m/nofp/libc_nano.a
END GROUP
START GROUP
LOAD /usr/lib/gcc/arm-none-eabi/14.2.0/thumb/v6-m/nofp/libgcc.a
LOAD /usr/lib/gcc/arm-none-eabi/14.2.0/../../../../arm-none-eabi/lib/thumb/v6-m/nofp/libc_nano.a
END GROUP
LOAD /usr/lib/gcc/arm-none-eabi/14.2.0/thumb/v6-m/nofp/crtend.o
LOAD /usr/lib/gcc/arm-none-eabi/14.2.0/thumb/v6-m/nofp/crtn.o
                0x20024000                        _estack = (ORIGIN (RAM) + LENGTH (RAM))
                0x00000200                        _Min_Heap_Size = 0x200
                0x00000400                        _Min_Stack_Size = 0x400

.isr_vector     0x08000000       0xbc
                0x08000000                        . = ALIGN (0x4)
 *(.isr_vector)
 .isr_vector    0x08000000       0xbc build/startup_stm32g0b1xx.o
                0x08000000                g_pfnVectors
                0x080000bc                        . = ALIGN (0x4)

.text           0x080000bc     0x8334
                0x080000bc                        . = ALIGN (0x4)
 *(.text)
 .text          0x080000bc        0xe /usr/lib/gcc/arm-none-eabi/14.2.0/../../../../arm-none-eabi/lib/thumb/v6-m/nofp/libc_nano.a(libc_a-strlen.o)
                0x080000bc                strlen
 *fill*         0x080000ca        0x2 
 .text          0x080000cc       0x14 /usr/lib/gcc/arm-none-eabi/14.2.0/thumb/v6-m/nofp/libgcc.a(_thumb1_case_shi.o)
                0x080000cc                __gnu_thumb1_case_shi
 .text          0x080000e0       0x8c /usr/lib/gcc/arm-none-eabi/14.2.0/thumb/v6-m/nofp/libgcc.a(_udivsi3.o)
                0x080000e0                __udivsi3
                0x080000e0                __aeabi_uidiv
                0x08000158                __aeabi_uidivmod
 .text          0x0800016c       0xa8 /usr/lib/gcc/arm-none-eabi/14.2.0/thumb/v6-m/nofp/libgcc.a(_divsi3.o)
                0x0800016c                __aeabi_idiv
                0x0800016c                __divsi3
                0x08000200                __aeabi_idivmod
 .text          0x08000214        0x4 /usr/lib/gcc/arm-none-eabi/14.2.0/thumb/v6-m/nofp/libgcc.a(_dvmd_tls.o)
                0x08000214                __aeabi_ldiv0
                0x08000214                __aeabi_idiv0
 *(.text*)
 .text.__do_global_dtors_aux
                0x08000218       0x28 /usr/lib/gcc/arm-none-eabi/14.2.0/thumb/v6-m/nofp/crtbegin.o
 .text.frame_dummy
                0x08000240       0x20 /usr/lib/gcc/arm-none-eabi/14.2.0/thumb/v6-m/nofp/crtbegin.o
 .text.update_led_status
                0x08000260       0x90 build/main.o
 .text.send_usb_response
                0x080002f0        0x8 build/main.o
 .text.send_can_message
                0x080002f8       0x64 build/main.o
 .text.process_usb_command
                0x0800035c      0x104 build/main.o
 .text.receive_can_message
                0x08000460       0x78 build/main.o
 .text.HAL_FDCAN_RxFifo0Callback
                0x080004d8       0x34 build/main.o
                0x080004d8                HAL_FDCAN_RxFifo0Callback
 .text.HAL_FDCAN_TxEventFifoCallback
                0x0800050c        0x2 build/main.o
                0x0800050c                HAL_FDCAN_TxEventFifoCallback
 *fill*         0x0800050e        0x2 
 .text.HAL_FDCAN_ErrorCallback
                0x08000510       0x34 build/main.o
                0x08000510                HAL_FDCAN_ErrorCallback
 .text.HAL_TIM_PeriodElapsedCallback
                0x08000544       0x18 build/main.o
                0x08000544                HAL_TIM_PeriodElapsedCallback
 .text.Error_Handler
                0x0800055c        0x4 build/main.o
                0x0800055c                Error_Handler
 .text.SystemClock_Config
                0x08000560       0xd0 build/main.o
                0x08000560                SystemClock_Config
 .text.main     0x08000630      0x148 build/main.o
                0x08000630                main
 .text.MX_GPIO_Init
                0x08000778       0xe8 build/gpio.o
                0x08000778                MX_GPIO_Init
 .text.MX_ADC1_Init
                0x08000860       0xfc build/adc.o
                0x08000860                MX_ADC1_Init
 .text.HAL_ADC_MspInit
                0x0800095c       0x9c build/adc.o
                0x0800095c                HAL_ADC_MspInit
 .text.MX_DMA_Init
                0x080009f8       0x30 build/dma.o
                0x080009f8                MX_DMA_Init
 .text.MX_FDCAN1_Init
                0x08000a28       0x4c build/fdcan.o
                0x08000a28                MX_FDCAN1_Init
 .text.MX_FDCAN2_Init
                0x08000a74       0x4c build/fdcan.o
                0x08000a74                MX_FDCAN2_Init
 .text.HAL_FDCAN_MspInit
                0x08000ac0      0x12c build/fdcan.o
                0x08000ac0                HAL_FDCAN_MspInit
 .text.MX_IWDG_Init
                0x08000bec       0x30 build/iwdg.o
                0x08000bec                MX_IWDG_Init
 .text.MX_SPI2_Init
                0x08000c1c       0x50 build/spi.o
                0x08000c1c                MX_SPI2_Init
 .text.HAL_SPI_MspInit
                0x08000c6c       0x60 build/spi.o
                0x08000c6c                HAL_SPI_MspInit
 .text.HAL_TIM_Base_MspInit
                0x08000ccc       0x2c build/tim.o
                0x08000ccc                HAL_TIM_Base_MspInit
 .text.HAL_TIM_MspPostInit
                0x08000cf8       0x50 build/tim.o
                0x08000cf8                HAL_TIM_MspPostInit
 .text.MX_TIM4_Init
                0x08000d48      0x110 build/tim.o
                0x08000d48                MX_TIM4_Init
 .text.NMI_Handler
                0x08000e58        0x2 build/stm32g0xx_it.o
                0x08000e58                NMI_Handler
 .text.HardFault_Handler
                0x08000e5a        0x2 build/stm32g0xx_it.o
                0x08000e5a                HardFault_Handler
 .text.SVC_Handler
                0x08000e5c        0x2 build/stm32g0xx_it.o
                0x08000e5c                SVC_Handler
 .text.PendSV_Handler
                0x08000e5e        0x2 build/stm32g0xx_it.o
                0x08000e5e                PendSV_Handler
 .text.SysTick_Handler
                0x08000e60        0x2 build/stm32g0xx_it.o
                0x08000e60                SysTick_Handler
 *fill*         0x08000e62        0x2 
 .text.USB_UCPD1_2_IRQHandler
                0x08000e64       0x10 build/stm32g0xx_it.o
                0x08000e64                USB_UCPD1_2_IRQHandler
 .text.DMA1_Channel1_IRQHandler
                0x08000e74       0x10 build/stm32g0xx_it.o
                0x08000e74                DMA1_Channel1_IRQHandler
 .text.TIM1_BRK_UP_TRG_COM_IRQHandler
                0x08000e84       0x10 build/stm32g0xx_it.o
                0x08000e84                TIM1_BRK_UP_TRG_COM_IRQHandler
 .text.TIM16_FDCAN_IT0_IRQHandler
                0x08000e94       0x18 build/stm32g0xx_it.o
                0x08000e94                TIM16_FDCAN_IT0_IRQHandler
 .text.HAL_MspInit
                0x08000eac       0x38 build/stm32g0xx_hal_msp.o
                0x08000eac                HAL_MspInit
 .text.HAL_InitTick
                0x08000ee4       0xa4 build/stm32g0xx_hal_timebase_tim.o
                0x08000ee4                HAL_InitTick
 .text.MX_USB_Device_Init
                0x08000f88       0x5c build/usb_device.o
                0x08000f88                MX_USB_Device_Init
 .text.USBD_CDC_DeviceDescriptor
                0x08000fe4        0xc build/usbd_desc.o
                0x08000fe4                USBD_CDC_DeviceDescriptor
 .text.USBD_CDC_LangIDStrDescriptor
                0x08000ff0        0xc build/usbd_desc.o
                0x08000ff0                USBD_CDC_LangIDStrDescriptor
 .text.IntToUnicode
                0x08000ffc       0x30 build/usbd_desc.o
 .text.Get_SerialNum
                0x0800102c       0x40 build/usbd_desc.o
 .text.USBD_CDC_SerialStrDescriptor
                0x0800106c       0x14 build/usbd_desc.o
                0x0800106c                USBD_CDC_SerialStrDescriptor
 .text.USBD_CDC_ProductStrDescriptor
                0x08001080       0x28 build/usbd_desc.o
                0x08001080                USBD_CDC_ProductStrDescriptor
 .text.USBD_CDC_ManufacturerStrDescriptor
                0x080010a8       0x1c build/usbd_desc.o
                0x080010a8                USBD_CDC_ManufacturerStrDescriptor
 .text.USBD_CDC_ConfigStrDescriptor
                0x080010c4       0x28 build/usbd_desc.o
                0x080010c4                USBD_CDC_ConfigStrDescriptor
 .text.USBD_CDC_InterfaceStrDescriptor
                0x080010ec       0x28 build/usbd_desc.o
                0x080010ec                USBD_CDC_InterfaceStrDescriptor
 .text.CDC_DeInit_FS
                0x08001114        0x4 build/usbd_cdc_if.o
 .text.CDC_Control_FS
                0x08001118        0x4 build/usbd_cdc_if.o
 .text.CDC_TransmitCplt_FS
                0x0800111c        0x4 build/usbd_cdc_if.o
 .text.CDC_Receive_FS
                0x08001120       0x54 build/usbd_cdc_if.o
 .text.CDC_Init_FS
                0x08001174       0x28 build/usbd_cdc_if.o
 .text.CDC_Transmit_FS
                0x0800119c       0x30 build/usbd_cdc_if.o
                0x0800119c                CDC_Transmit_FS
 .text.USBD_Get_USB_Status
                0x080011cc       0x16 build/usbd_conf.o
 .text.SystemClockConfig_Resume
                0x080011e2        0x8 build/usbd_conf.o
 *fill*         0x080011ea        0x2 
 .text.HAL_PCD_MspInit
                0x080011ec       0x98 build/usbd_conf.o
                0x080011ec                HAL_PCD_MspInit
 .text.HAL_PCD_SetupStageCallback
                0x08001284       0x16 build/usbd_conf.o
                0x08001284                HAL_PCD_SetupStageCallback
 .text.HAL_PCD_DataOutStageCallback
                0x0800129a       0x1e build/usbd_conf.o
                0x0800129a                HAL_PCD_DataOutStageCallback
 .text.HAL_PCD_DataInStageCallback
                0x080012b8       0x1a build/usbd_conf.o
                0x080012b8                HAL_PCD_DataInStageCallback
 .text.HAL_PCD_SOFCallback
                0x080012d2        0xe build/usbd_conf.o
                0x080012d2                HAL_PCD_SOFCallback
 .text.HAL_PCD_ResetCallback
                0x080012e0       0x24 build/usbd_conf.o
                0x080012e0                HAL_PCD_ResetCallback
 .text.HAL_PCD_SuspendCallback
                0x08001304       0x24 build/usbd_conf.o
                0x08001304                HAL_PCD_SuspendCallback
 .text.HAL_PCD_ResumeCallback
                0x08001328       0x2c build/usbd_conf.o
                0x08001328                HAL_PCD_ResumeCallback
 .text.USBD_LL_Init
                0x08001354       0x90 build/usbd_conf.o
                0x08001354                USBD_LL_Init
 .text.USBD_LL_Start
                0x080013e4       0x12 build/usbd_conf.o
                0x080013e4                USBD_LL_Start
 .text.USBD_LL_OpenEP
                0x080013f6       0x18 build/usbd_conf.o
                0x080013f6                USBD_LL_OpenEP
 .text.USBD_LL_CloseEP
                0x0800140e       0x12 build/usbd_conf.o
                0x0800140e                USBD_LL_CloseEP
 .text.USBD_LL_StallEP
                0x08001420       0x12 build/usbd_conf.o
                0x08001420                USBD_LL_StallEP
 .text.USBD_LL_ClearStallEP
                0x08001432       0x12 build/usbd_conf.o
                0x08001432                USBD_LL_ClearStallEP
 .text.USBD_LL_IsStallEP
                0x08001444       0x32 build/usbd_conf.o
                0x08001444                USBD_LL_IsStallEP
 .text.USBD_LL_SetUSBAddress
                0x08001476       0x12 build/usbd_conf.o
                0x08001476                USBD_LL_SetUSBAddress
 .text.USBD_LL_Transmit
                0x08001488       0x12 build/usbd_conf.o
                0x08001488                USBD_LL_Transmit
 .text.USBD_LL_PrepareReceive
                0x0800149a       0x12 build/usbd_conf.o
                0x0800149a                USBD_LL_PrepareReceive
 .text.USBD_LL_GetRxDataSize
                0x080014ac        0xe build/usbd_conf.o
                0x080014ac                USBD_LL_GetRxDataSize
 *fill*         0x080014ba        0x2 
 .text.HAL_PCDEx_LPM_Callback
                0x080014bc       0x50 build/usbd_conf.o
                0x080014bc                HAL_PCDEx_LPM_Callback
 .text.USBD_static_malloc
                0x0800150c        0x8 build/usbd_conf.o
                0x0800150c                USBD_static_malloc
 .text.USBD_static_free
                0x08001514        0x2 build/usbd_conf.o
                0x08001514                USBD_static_free
 *fill*         0x08001516        0x2 
 .text.TIM_OC1_SetConfig
                0x08001518       0x90 build/stm32g0xx_hal_tim.o
 .text.TIM_OC3_SetConfig
                0x080015a8       0x90 build/stm32g0xx_hal_tim.o
 .text.TIM_OC4_SetConfig
                0x08001638       0x74 build/stm32g0xx_hal_tim.o
 .text.TIM_OC5_SetConfig
                0x080016ac       0x6c build/stm32g0xx_hal_tim.o
 .text.TIM_OC6_SetConfig
                0x08001718       0x74 build/stm32g0xx_hal_tim.o
 .text.TIM_TI1_ConfigInputStage
                0x0800178c       0x22 build/stm32g0xx_hal_tim.o
 *fill*         0x080017ae        0x2 
 .text.TIM_TI2_ConfigInputStage
                0x080017b0       0x28 build/stm32g0xx_hal_tim.o
 .text.TIM_ITRx_SetConfig
                0x080017d8       0x14 build/stm32g0xx_hal_tim.o
 .text.HAL_TIM_Base_Start_IT
                0x080017ec       0x84 build/stm32g0xx_hal_tim.o
                0x080017ec                HAL_TIM_Base_Start_IT
 .text.HAL_TIM_OC_MspInit
                0x08001870        0x2 build/stm32g0xx_hal_tim.o
                0x08001870                HAL_TIM_OC_MspInit
 .text.HAL_TIM_PWM_MspInit
                0x08001872        0x2 build/stm32g0xx_hal_tim.o
                0x08001872                HAL_TIM_PWM_MspInit
 .text.HAL_TIM_OC_DelayElapsedCallback
                0x08001874        0x2 build/stm32g0xx_hal_tim.o
                0x08001874                HAL_TIM_OC_DelayElapsedCallback
 .text.HAL_TIM_IC_CaptureCallback
                0x08001876        0x2 build/stm32g0xx_hal_tim.o
                0x08001876                HAL_TIM_IC_CaptureCallback
 .text.HAL_TIM_PWM_PulseFinishedCallback
                0x08001878        0x2 build/stm32g0xx_hal_tim.o
                0x08001878                HAL_TIM_PWM_PulseFinishedCallback
 .text.HAL_TIM_TriggerCallback
                0x0800187a        0x2 build/stm32g0xx_hal_tim.o
                0x0800187a                HAL_TIM_TriggerCallback
 .text.HAL_TIM_IRQHandler
                0x0800187c      0x178 build/stm32g0xx_hal_tim.o
                0x0800187c                HAL_TIM_IRQHandler
 .text.TIM_Base_SetConfig
                0x080019f4       0xb4 build/stm32g0xx_hal_tim.o
                0x080019f4                TIM_Base_SetConfig
 .text.HAL_TIM_Base_Init
                0x08001aa8       0x60 build/stm32g0xx_hal_tim.o
                0x08001aa8                HAL_TIM_Base_Init
 .text.HAL_TIM_OC_Init
                0x08001b08       0x60 build/stm32g0xx_hal_tim.o
                0x08001b08                HAL_TIM_OC_Init
 .text.HAL_TIM_PWM_Init
                0x08001b68       0x60 build/stm32g0xx_hal_tim.o
                0x08001b68                HAL_TIM_PWM_Init
 .text.TIM_OC2_SetConfig
                0x08001bc8       0x84 build/stm32g0xx_hal_tim.o
                0x08001bc8                TIM_OC2_SetConfig
 .text.HAL_TIM_OC_ConfigChannel
                0x08001c4c       0x6c build/stm32g0xx_hal_tim.o
                0x08001c4c                HAL_TIM_OC_ConfigChannel
 .text.HAL_TIM_PWM_ConfigChannel
                0x08001cb8      0x144 build/stm32g0xx_hal_tim.o
                0x08001cb8                HAL_TIM_PWM_ConfigChannel
 .text.TIM_ETR_SetConfig
                0x08001dfc       0x18 build/stm32g0xx_hal_tim.o
                0x08001dfc                TIM_ETR_SetConfig
 .text.HAL_TIM_ConfigClockSource
                0x08001e14      0x108 build/stm32g0xx_hal_tim.o
                0x08001e14                HAL_TIM_ConfigClockSource
 .text.HAL_TIMEx_MasterConfigSynchronization
                0x08001f1c       0x8c build/stm32g0xx_hal_tim_ex.o
                0x08001f1c                HAL_TIMEx_MasterConfigSynchronization
 .text.HAL_TIMEx_CommutCallback
                0x08001fa8        0x2 build/stm32g0xx_hal_tim_ex.o
                0x08001fa8                HAL_TIMEx_CommutCallback
 .text.HAL_TIMEx_BreakCallback
                0x08001faa        0x2 build/stm32g0xx_hal_tim_ex.o
                0x08001faa                HAL_TIMEx_BreakCallback
 .text.HAL_TIMEx_Break2Callback
                0x08001fac        0x2 build/stm32g0xx_hal_tim_ex.o
                0x08001fac                HAL_TIMEx_Break2Callback
 *fill*         0x08001fae        0x2 
 .text.PCD_GET_EP_RX_CNT
                0x08001fb0       0x2c build/stm32g0xx_hal_pcd.o
 .text.PCD_GET_EP_DBUF0_CNT
                0x08001fdc       0x2c build/stm32g0xx_hal_pcd.o
 .text.PCD_GET_EP_DBUF1_CNT
                0x08002008       0x2c build/stm32g0xx_hal_pcd.o
 .text.HAL_PCD_EP_DB_Receive
                0x08002034       0xe8 build/stm32g0xx_hal_pcd.o
 .text.HAL_PCD_Init
                0x0800211c       0xec build/stm32g0xx_hal_pcd.o
                0x0800211c                HAL_PCD_Init
 .text.HAL_PCD_Start
                0x08002208       0x2e build/stm32g0xx_hal_pcd.o
                0x08002208                HAL_PCD_Start
 *fill*         0x08002236        0x2 
 .text.HAL_PCD_EP_DB_Transmit
                0x08002238      0x448 build/stm32g0xx_hal_pcd.o
 .text.PCD_EP_ISR_Handler
                0x08002680      0x500 build/stm32g0xx_hal_pcd.o
 .text.HAL_PCD_SetAddress
                0x08002b80       0x2c build/stm32g0xx_hal_pcd.o
                0x08002b80                HAL_PCD_SetAddress
 .text.HAL_PCD_IRQHandler
                0x08002bac      0x170 build/stm32g0xx_hal_pcd.o
                0x08002bac                HAL_PCD_IRQHandler
 .text.HAL_PCD_EP_Open
                0x08002d1c       0x8a build/stm32g0xx_hal_pcd.o
                0x08002d1c                HAL_PCD_EP_Open
 .text.HAL_PCD_EP_Close
                0x08002da6       0x74 build/stm32g0xx_hal_pcd.o
                0x08002da6                HAL_PCD_EP_Close
 .text.HAL_PCD_EP_Receive
                0x08002e1a       0x58 build/stm32g0xx_hal_pcd.o
                0x08002e1a                HAL_PCD_EP_Receive
 .text.HAL_PCD_EP_GetRxCount
                0x08002e72       0x14 build/stm32g0xx_hal_pcd.o
                0x08002e72                HAL_PCD_EP_GetRxCount
 .text.HAL_PCD_EP_Transmit
                0x08002e86       0x4e build/stm32g0xx_hal_pcd.o
                0x08002e86                HAL_PCD_EP_Transmit
 .text.HAL_PCD_EP_SetStall
                0x08002ed4       0x7a build/stm32g0xx_hal_pcd.o
                0x08002ed4                HAL_PCD_EP_SetStall
 .text.HAL_PCD_EP_ClrStall
                0x08002f4e       0x86 build/stm32g0xx_hal_pcd.o
                0x08002f4e                HAL_PCD_EP_ClrStall
 .text.HAL_PCDEx_PMAConfig
                0x08002fd4       0x3e build/stm32g0xx_hal_pcd_ex.o
                0x08002fd4                HAL_PCDEx_PMAConfig
 .text.HAL_PCDEx_ActivateLPM
                0x08003012       0x24 build/stm32g0xx_hal_pcd_ex.o
                0x08003012                HAL_PCDEx_ActivateLPM
 *fill*         0x08003036        0x2 
 .text.USB_EnableGlobalInt
                0x08003038       0x10 build/stm32g0xx_ll_usb.o
                0x08003038                USB_EnableGlobalInt
 .text.USB_DisableGlobalInt
                0x08003048       0x10 build/stm32g0xx_ll_usb.o
                0x08003048                USB_DisableGlobalInt
 .text.USB_SetCurrentMode
                0x08003058       0x1c build/stm32g0xx_ll_usb.o
                0x08003058                USB_SetCurrentMode
 .text.USB_DevInit
                0x08003074       0x2a build/stm32g0xx_ll_usb.o
                0x08003074                USB_DevInit
 *fill*         0x0800309e        0x2 
 .text.USB_ActivateEndpoint
                0x080030a0      0x338 build/stm32g0xx_ll_usb.o
                0x080030a0                USB_ActivateEndpoint
 .text.USB_DeactivateEndpoint
                0x080033d8      0x154 build/stm32g0xx_ll_usb.o
                0x080033d8                USB_DeactivateEndpoint
 .text.USB_EPSetStall
                0x0800352c       0x48 build/stm32g0xx_ll_usb.o
                0x0800352c                USB_EPSetStall
 .text.USB_EPClearStall
                0x08003574       0x90 build/stm32g0xx_ll_usb.o
                0x08003574                USB_EPClearStall
 .text.USB_SetDevAddress
                0x08003604        0xc build/stm32g0xx_ll_usb.o
                0x08003604                USB_SetDevAddress
 .text.USB_DevConnect
                0x08003610        0xe build/stm32g0xx_ll_usb.o
                0x08003610                USB_DevConnect
 .text.USB_ReadInterrupts
                0x0800361e        0x4 build/stm32g0xx_ll_usb.o
                0x0800361e                USB_ReadInterrupts
 *fill*         0x08003622        0x2 
 .text.USB_WritePMA
                0x08003624       0x5c build/stm32g0xx_ll_usb.o
                0x08003624                USB_WritePMA
 .text.USB_EPStartXfer
                0x08003680      0x8f4 build/stm32g0xx_ll_usb.o
                0x08003680                USB_EPStartXfer
 .text.USB_ReadPMA
                0x08003f74       0x58 build/stm32g0xx_ll_usb.o
                0x08003f74                USB_ReadPMA
 .text.HAL_RCC_OscConfig
                0x08003fcc      0x518 build/stm32g0xx_hal_rcc.o
                0x08003fcc                HAL_RCC_OscConfig
 .text.HAL_RCC_GetSysClockFreq
                0x080044e4       0xb8 build/stm32g0xx_hal_rcc.o
                0x080044e4                HAL_RCC_GetSysClockFreq
 .text.HAL_RCC_ClockConfig
                0x0800459c      0x18c build/stm32g0xx_hal_rcc.o
                0x0800459c                HAL_RCC_ClockConfig
 .text.HAL_RCC_GetHCLKFreq
                0x08004728        0xc build/stm32g0xx_hal_rcc.o
                0x08004728                HAL_RCC_GetHCLKFreq
 .text.HAL_RCC_GetPCLK1Freq
                0x08004734       0x28 build/stm32g0xx_hal_rcc.o
                0x08004734                HAL_RCC_GetPCLK1Freq
 .text.HAL_RCC_GetClockConfig
                0x0800475c       0x34 build/stm32g0xx_hal_rcc.o
                0x0800475c                HAL_RCC_GetClockConfig
 .text.HAL_RCCEx_PeriphCLKConfig
                0x08004790      0x2fc build/stm32g0xx_hal_rcc_ex.o
                0x08004790                HAL_RCCEx_PeriphCLKConfig
 .text.HAL_RCCEx_CRSConfig
                0x08004a8c       0x54 build/stm32g0xx_hal_rcc_ex.o
                0x08004a8c                HAL_RCCEx_CRSConfig
 .text.HAL_GPIO_Init
                0x08004ae0      0x180 build/stm32g0xx_hal_gpio.o
                0x08004ae0                HAL_GPIO_Init
 .text.HAL_GPIO_WritePin
                0x08004c60        0xc build/stm32g0xx_hal_gpio.o
                0x08004c60                HAL_GPIO_WritePin
 .text.HAL_GPIO_TogglePin
                0x08004c6c       0x10 build/stm32g0xx_hal_gpio.o
                0x08004c6c                HAL_GPIO_TogglePin
 .text.DMA_CalcDMAMUXChannelBaseAndMask
                0x08004c7c       0x68 build/stm32g0xx_hal_dma.o
 .text.DMA_CalcDMAMUXRequestGenBaseAndMask
                0x08004ce4       0x28 build/stm32g0xx_hal_dma.o
 .text.HAL_DMA_Init
                0x08004d0c       0xdc build/stm32g0xx_hal_dma.o
                0x08004d0c                HAL_DMA_Init
 .text.HAL_DMA_IRQHandler
                0x08004de8       0xe0 build/stm32g0xx_hal_dma.o
                0x08004de8                HAL_DMA_IRQHandler
 .text.HAL_PWREx_EnableVddUSB
                0x08004ec8       0x14 build/stm32g0xx_hal_pwr_ex.o
                0x08004ec8                HAL_PWREx_EnableVddUSB
 .text.HAL_PWREx_ControlVoltageScaling
                0x08004edc       0x54 build/stm32g0xx_hal_pwr_ex.o
                0x08004edc                HAL_PWREx_ControlVoltageScaling
 .text.__NVIC_SetPriority
                0x08004f30       0x60 build/stm32g0xx_hal_cortex.o
 .text.HAL_NVIC_SetPriority
                0x08004f90        0x8 build/stm32g0xx_hal_cortex.o
                0x08004f90                HAL_NVIC_SetPriority
 .text.HAL_NVIC_EnableIRQ
                0x08004f98       0x18 build/stm32g0xx_hal_cortex.o
                0x08004f98                HAL_NVIC_EnableIRQ
 .text.HAL_Init
                0x08004fb0       0x28 build/stm32g0xx_hal.o
                0x08004fb0                HAL_Init
 .text.HAL_IncTick
                0x08004fd8       0x18 build/stm32g0xx_hal.o
                0x08004fd8                HAL_IncTick
 .text.HAL_GetTick
                0x08004ff0        0xc build/stm32g0xx_hal.o
                0x08004ff0                HAL_GetTick
 .text.HAL_Delay
                0x08004ffc       0x24 build/stm32g0xx_hal.o
                0x08004ffc                HAL_Delay
 .text.HAL_SYSCFG_StrobeDBattpinsConfig
                0x08005020       0x18 build/stm32g0xx_hal.o
                0x08005020                HAL_SYSCFG_StrobeDBattpinsConfig
 .text.HAL_ADC_Init
                0x08005038      0x244 build/stm32g0xx_hal_adc.o
                0x08005038                HAL_ADC_Init
 .text.HAL_ADC_ConfigChannel
                0x0800527c      0x2a0 build/stm32g0xx_hal_adc.o
                0x0800527c                HAL_ADC_ConfigChannel
 .text.FDCAN_CalcultateRamBlockAddresses
                0x0800551c       0x7c build/stm32g0xx_hal_fdcan.o
 .text.FDCAN_CopyMessageToRAM
                0x08005598       0x7c build/stm32g0xx_hal_fdcan.o
 .text.HAL_FDCAN_Init
                0x08005614      0x1e4 build/stm32g0xx_hal_fdcan.o
                0x08005614                HAL_FDCAN_Init
 .text.HAL_FDCAN_Start
                0x080057f8       0x2c build/stm32g0xx_hal_fdcan.o
                0x080057f8                HAL_FDCAN_Start
 .text.HAL_FDCAN_AddMessageToTxFifoQ
                0x08005824       0x52 build/stm32g0xx_hal_fdcan.o
                0x08005824                HAL_FDCAN_AddMessageToTxFifoQ
 *fill*         0x08005876        0x2 
 .text.HAL_FDCAN_GetRxMessage
                0x08005878      0x118 build/stm32g0xx_hal_fdcan.o
                0x08005878                HAL_FDCAN_GetRxMessage
 .text.HAL_FDCAN_ActivateNotification
                0x08005990       0xfa build/stm32g0xx_hal_fdcan.o
                0x08005990                HAL_FDCAN_ActivateNotification
 .text.HAL_FDCAN_RxFifo1Callback
                0x08005a8a        0x2 build/stm32g0xx_hal_fdcan.o
                0x08005a8a                HAL_FDCAN_RxFifo1Callback
 .text.HAL_FDCAN_TxFifoEmptyCallback
                0x08005a8c        0x2 build/stm32g0xx_hal_fdcan.o
                0x08005a8c                HAL_FDCAN_TxFifoEmptyCallback
 .text.HAL_FDCAN_TxBufferCompleteCallback
                0x08005a8e        0x2 build/stm32g0xx_hal_fdcan.o
                0x08005a8e                HAL_FDCAN_TxBufferCompleteCallback
 .text.HAL_FDCAN_TxBufferAbortCallback
                0x08005a90        0x2 build/stm32g0xx_hal_fdcan.o
                0x08005a90                HAL_FDCAN_TxBufferAbortCallback
 .text.HAL_FDCAN_TimestampWraparoundCallback
                0x08005a92        0x2 build/stm32g0xx_hal_fdcan.o
                0x08005a92                HAL_FDCAN_TimestampWraparoundCallback
 .text.HAL_FDCAN_TimeoutOccurredCallback
                0x08005a94        0x2 build/stm32g0xx_hal_fdcan.o
                0x08005a94                HAL_FDCAN_TimeoutOccurredCallback
 .text.HAL_FDCAN_HighPriorityMessageCallback
                0x08005a96        0x2 build/stm32g0xx_hal_fdcan.o
                0x08005a96                HAL_FDCAN_HighPriorityMessageCallback
 .text.HAL_FDCAN_ErrorStatusCallback
                0x08005a98        0x2 build/stm32g0xx_hal_fdcan.o
                0x08005a98                HAL_FDCAN_ErrorStatusCallback
 .text.HAL_FDCAN_IRQHandler
                0x08005a9a      0x188 build/stm32g0xx_hal_fdcan.o
                0x08005a9a                HAL_FDCAN_IRQHandler
 *fill*         0x08005c22        0x2 
 .text.HAL_IWDG_Init
                0x08005c24       0x68 build/stm32g0xx_hal_iwdg.o
                0x08005c24                HAL_IWDG_Init
 .text.HAL_IWDG_Refresh
                0x08005c8c       0x10 build/stm32g0xx_hal_iwdg.o
                0x08005c8c                HAL_IWDG_Refresh
 .text.HAL_SPI_Init
                0x08005c9c      0x104 build/stm32g0xx_hal_spi.o
                0x08005c9c                HAL_SPI_Init
 .text.SystemInit
                0x08005da0        0x2 build/system_stm32g0xx.o
                0x08005da0                SystemInit
 *fill*         0x08005da2        0x2 
 .text.USBD_Init
                0x08005da4       0x50 build/usbd_core.o
                0x08005da4                USBD_Init
 .text.USBD_RegisterClass
                0x08005df4       0x64 build/usbd_core.o
                0x08005df4                USBD_RegisterClass
 .text.USBD_Start
                0x08005e58        0x8 build/usbd_core.o
                0x08005e58                USBD_Start
 .text.USBD_SetClassConfig
                0x08005e60       0x16 build/usbd_core.o
                0x08005e60                USBD_SetClassConfig
 .text.USBD_ClrClassConfig
                0x08005e76       0x16 build/usbd_core.o
                0x08005e76                USBD_ClrClassConfig
 .text.USBD_LL_SetupStage
                0x08005e8c       0x60 build/usbd_core.o
                0x08005e8c                USBD_LL_SetupStage
 .text.USBD_LL_Reset
                0x08005eec       0x72 build/usbd_core.o
                0x08005eec                USBD_LL_Reset
 .text.USBD_LL_SetSpeed
                0x08005f5e        0x6 build/usbd_core.o
                0x08005f5e                USBD_LL_SetSpeed
 .text.USBD_LL_Suspend
                0x08005f64       0x18 build/usbd_core.o
                0x08005f64                USBD_LL_Suspend
 .text.USBD_LL_Resume
                0x08005f7c       0x20 build/usbd_core.o
                0x08005f7c                USBD_LL_Resume
 .text.USBD_LL_SOF
                0x08005f9c       0x24 build/usbd_core.o
                0x08005f9c                USBD_LL_SOF
 .text.USBD_CoreFindIF
                0x08005fc0        0x4 build/usbd_core.o
                0x08005fc0                USBD_CoreFindIF
 .text.USBD_CoreFindEP
                0x08005fc4        0x4 build/usbd_core.o
                0x08005fc4                USBD_CoreFindEP
 .text.USBD_LL_DataOutStage
                0x08005fc8       0xdc build/usbd_core.o
                0x08005fc8                USBD_LL_DataOutStage
 .text.USBD_LL_DataInStage
                0x080060a4       0xe6 build/usbd_core.o
                0x080060a4                USBD_LL_DataInStage
 .text.USBD_GetNextDesc
                0x0800618a        0xe build/usbd_core.o
                0x0800618a                USBD_GetNextDesc
 .text.USBD_GetEpDesc
                0x08006198       0x4c build/usbd_core.o
                0x08006198                USBD_GetEpDesc
 .text.USBD_GetLen
                0x080061e4       0x14 build/usbd_ctlreq.o
 .text.USBD_ParseSetupRequest
                0x080061f8       0x28 build/usbd_ctlreq.o
                0x080061f8                USBD_ParseSetupRequest
 .text.USBD_CtlError
                0x08006220       0x14 build/usbd_ctlreq.o
                0x08006220                USBD_CtlError
 .text.USBD_GetDescriptor
                0x08006234      0x1f0 build/usbd_ctlreq.o
 .text.USBD_SetAddress
                0x08006424       0x60 build/usbd_ctlreq.o
 .text.USBD_SetConfig
                0x08006484       0xdc build/usbd_ctlreq.o
 .text.USBD_GetConfig
                0x08006560       0x42 build/usbd_ctlreq.o
 .text.USBD_GetStatus
                0x080065a2       0x3e build/usbd_ctlreq.o
 .text.USBD_SetFeature
                0x080065e0       0x30 build/usbd_ctlreq.o
 .text.USBD_ClrFeature
                0x08006610       0x2a build/usbd_ctlreq.o
 *fill*         0x0800663a        0x2 
 .text.USBD_StdDevReq
                0x0800663c       0x78 build/usbd_ctlreq.o
                0x0800663c                USBD_StdDevReq
 .text.USBD_StdItfReq
                0x080066b4       0x8e build/usbd_ctlreq.o
                0x080066b4                USBD_StdItfReq
 .text.USBD_StdEPReq
                0x08006742      0x252 build/usbd_ctlreq.o
                0x08006742                USBD_StdEPReq
 .text.USBD_GetString
                0x08006994       0x3c build/usbd_ctlreq.o
                0x08006994                USBD_GetString
 .text.USBD_CtlSendData
                0x080069d0       0x1c build/usbd_ioreq.o
                0x080069d0                USBD_CtlSendData
 .text.USBD_CtlContinueSendData
                0x080069ec       0x10 build/usbd_ioreq.o
                0x080069ec                USBD_CtlContinueSendData
 .text.USBD_CtlPrepareRx
                0x080069fc       0x22 build/usbd_ioreq.o
                0x080069fc                USBD_CtlPrepareRx
 .text.USBD_CtlContinueRx
                0x08006a1e       0x10 build/usbd_ioreq.o
                0x08006a1e                USBD_CtlContinueRx
 .text.USBD_CtlSendStatus
                0x08006a2e       0x18 build/usbd_ioreq.o
                0x08006a2e                USBD_CtlSendStatus
 .text.USBD_CtlReceiveStatus
                0x08006a46       0x18 build/usbd_ioreq.o
                0x08006a46                USBD_CtlReceiveStatus
 *fill*         0x08006a5e        0x2 
 .text.USBD_CDC_EP0_RxReady
                0x08006a60       0x4c build/usbd_cdc.o
 .text.USBD_CDC_GetDeviceQualifierDescriptor
                0x08006aac        0xc build/usbd_cdc.o
                0x08006aac                USBD_CDC_GetDeviceQualifierDescriptor
 .text.USBD_CDC_GetOtherSpeedCfgDesc
                0x08006ab8       0x50 build/usbd_cdc.o
 .text.USBD_CDC_GetFSCfgDesc
                0x08006b08       0x50 build/usbd_cdc.o
 .text.USBD_CDC_GetHSCfgDesc
                0x08006b58       0x50 build/usbd_cdc.o
 .text.USBD_CDC_DataOut
                0x08006ba8       0x40 build/usbd_cdc.o
 .text.USBD_CDC_DataIn
                0x08006be8       0x8c build/usbd_cdc.o
 .text.USBD_CDC_Setup
                0x08006c74      0x130 build/usbd_cdc.o
 .text.USBD_CDC_DeInit
                0x08006da4       0x6e build/usbd_cdc.o
 .text.USBD_CDC_Init
                0x08006e12      0x104 build/usbd_cdc.o
 .text.USBD_CDC_RegisterInterface
                0x08006f16       0x1a build/usbd_cdc.o
                0x08006f16                USBD_CDC_RegisterInterface
 .text.USBD_CDC_SetTxBuffer
                0x08006f30       0x24 build/usbd_cdc.o
                0x08006f30                USBD_CDC_SetTxBuffer
 .text.USBD_CDC_SetRxBuffer
                0x08006f54       0x1e build/usbd_cdc.o
                0x08006f54                USBD_CDC_SetRxBuffer
 .text.USBD_CDC_TransmitPacket
                0x08006f72       0x44 build/usbd_cdc.o
                0x08006f72                USBD_CDC_TransmitPacket
 .text.USBD_CDC_ReceivePacket
                0x08006fb6       0x44 build/usbd_cdc.o
                0x08006fb6                USBD_CDC_ReceivePacket
 *fill*         0x08006ffa        0x2 
 .text.Reset_Handler
                0x08006ffc       0x50 build/startup_stm32g0b1xx.o
                0x08006ffc                Reset_Handler
 .text.Default_Handler
                0x0800704c        0x2 build/startup_stm32g0b1xx.o
                0x0800704c                I2C2_3_IRQHandler
                0x0800704c                USART3_4_5_6_LPUART1_IRQHandler
                0x0800704c                TIM1_CC_IRQHandler
                0x0800704c                ADC1_COMP_IRQHandler
                0x0800704c                I2C1_IRQHandler
                0x0800704c                TIM7_LPTIM2_IRQHandler
                0x0800704c                TIM17_FDCAN_IT1_IRQHandler
                0x0800704c                DMA1_Ch4_7_DMA2_Ch1_5_DMAMUX1_OVR_IRQHandler
                0x0800704c                RCC_CRS_IRQHandler
                0x0800704c                RTC_TAMP_IRQHandler
                0x0800704c                SPI1_IRQHandler
                0x0800704c                EXTI2_3_IRQHandler
                0x0800704c                USART2_LPUART2_IRQHandler
                0x0800704c                PVD_VDDIO2_IRQHandler
                0x0800704c                EXTI4_15_IRQHandler
                0x0800704c                Default_Handler
                0x0800704c                CEC_IRQHandler
                0x0800704c                TIM14_IRQHandler
                0x0800704c                TIM15_IRQHandler
                0x0800704c                TIM3_TIM4_IRQHandler
                0x0800704c                EXTI0_1_IRQHandler
                0x0800704c                SPI2_3_IRQHandler
                0x0800704c                TIM6_DAC_LPTIM1_IRQHandler
                0x0800704c                WWDG_IRQHandler
                0x0800704c                TIM2_IRQHandler
                0x0800704c                DMA1_Channel2_3_IRQHandler
                0x0800704c                FLASH_IRQHandler
                0x0800704c                USART1_IRQHandler
 *fill*         0x0800704e        0x2 
 .text.std      0x08007050       0x6c /usr/lib/gcc/arm-none-eabi/14.2.0/../../../../arm-none-eabi/lib/thumb/v6-m/nofp/libc_nano.a(libc_a-findfp.o)
 .text.stdio_exit_handler
                0x080070bc       0x1c /usr/lib/gcc/arm-none-eabi/14.2.0/../../../../arm-none-eabi/lib/thumb/v6-m/nofp/libc_nano.a(libc_a-findfp.o)
 .text.cleanup_stdio
                0x080070d8       0x3c /usr/lib/gcc/arm-none-eabi/14.2.0/../../../../arm-none-eabi/lib/thumb/v6-m/nofp/libc_nano.a(libc_a-findfp.o)
 .text.global_stdio_init.part.0
                0x08007114       0x3c /usr/lib/gcc/arm-none-eabi/14.2.0/../../../../arm-none-eabi/lib/thumb/v6-m/nofp/libc_nano.a(libc_a-findfp.o)
 .text.__sfp_lock_acquire
                0x08007150       0x10 /usr/lib/gcc/arm-none-eabi/14.2.0/../../../../arm-none-eabi/lib/thumb/v6-m/nofp/libc_nano.a(libc_a-findfp.o)
                0x08007150                __sfp_lock_acquire
 .text.__sfp_lock_release
                0x08007160       0x10 /usr/lib/gcc/arm-none-eabi/14.2.0/../../../../arm-none-eabi/lib/thumb/v6-m/nofp/libc_nano.a(libc_a-findfp.o)
                0x08007160                __sfp_lock_release
 .text.__sinit  0x08007170       0x30 /usr/lib/gcc/arm-none-eabi/14.2.0/../../../../arm-none-eabi/lib/thumb/v6-m/nofp/libc_nano.a(libc_a-findfp.o)
                0x08007170                __sinit
 .text._fwalk_sglue
                0x080071a0       0x38 /usr/lib/gcc/arm-none-eabi/14.2.0/../../../../arm-none-eabi/lib/thumb/v6-m/nofp/libc_nano.a(libc_a-fwalk.o)
                0x080071a0                _fwalk_sglue
 .text.printf   0x080071d8       0x20 /usr/lib/gcc/arm-none-eabi/14.2.0/../../../../arm-none-eabi/lib/thumb/v6-m/nofp/libc_nano.a(libc_a-printf.o)
                0x080071d8                printf
                0x080071d8                iprintf
 .text.putchar  0x080071f8       0x14 /usr/lib/gcc/arm-none-eabi/14.2.0/../../../../arm-none-eabi/lib/thumb/v6-m/nofp/libc_nano.a(libc_a-putchar.o)
                0x080071f8                putchar
 .text.snprintf
                0x0800720c       0x68 /usr/lib/gcc/arm-none-eabi/14.2.0/../../../../arm-none-eabi/lib/thumb/v6-m/nofp/libc_nano.a(libc_a-snprintf.o)
                0x0800720c                snprintf
                0x0800720c                sniprintf
 .text.__sread  0x08007274       0x28 /usr/lib/gcc/arm-none-eabi/14.2.0/../../../../arm-none-eabi/lib/thumb/v6-m/nofp/libc_nano.a(libc_a-stdio.o)
                0x08007274                __sread
 .text.__swrite
                0x0800729c       0x38 /usr/lib/gcc/arm-none-eabi/14.2.0/../../../../arm-none-eabi/lib/thumb/v6-m/nofp/libc_nano.a(libc_a-stdio.o)
                0x0800729c                __swrite
 .text.__sseek  0x080072d4       0x2c /usr/lib/gcc/arm-none-eabi/14.2.0/../../../../arm-none-eabi/lib/thumb/v6-m/nofp/libc_nano.a(libc_a-stdio.o)
                0x080072d4                __sseek
 .text.__sclose
                0x08007300        0xc /usr/lib/gcc/arm-none-eabi/14.2.0/../../../../arm-none-eabi/lib/thumb/v6-m/nofp/libc_nano.a(libc_a-stdio.o)
                0x08007300                __sclose
 .text.memset   0x0800730c       0x10 /usr/lib/gcc/arm-none-eabi/14.2.0/../../../../arm-none-eabi/lib/thumb/v6-m/nofp/libc_nano.a(libc_a-memset.o)
                0x0800730c                memset
 .text._close_r
                0x0800731c       0x24 /usr/lib/gcc/arm-none-eabi/14.2.0/../../../../arm-none-eabi/lib/thumb/v6-m/nofp/libc_nano.a(libc_a-closer.o)
                0x0800731c                _close_r
 .text._lseek_r
                0x08007340       0x28 /usr/lib/gcc/arm-none-eabi/14.2.0/../../../../arm-none-eabi/lib/thumb/v6-m/nofp/libc_nano.a(libc_a-lseekr.o)
                0x08007340                _lseek_r
 .text._read_r  0x08007368       0x28 /usr/lib/gcc/arm-none-eabi/14.2.0/../../../../arm-none-eabi/lib/thumb/v6-m/nofp/libc_nano.a(libc_a-readr.o)
                0x08007368                _read_r
 .text._write_r
                0x08007390       0x28 /usr/lib/gcc/arm-none-eabi/14.2.0/../../../../arm-none-eabi/lib/thumb/v6-m/nofp/libc_nano.a(libc_a-writer.o)
                0x08007390                _write_r
 .text.__libc_init_array
                0x080073b8       0x48 /usr/lib/gcc/arm-none-eabi/14.2.0/../../../../arm-none-eabi/lib/thumb/v6-m/nofp/libc_nano.a(libc_a-init.o)
                0x080073b8                __libc_init_array
 .text.__retarget_lock_init_recursive
                0x08007400        0x2 /usr/lib/gcc/arm-none-eabi/14.2.0/../../../../arm-none-eabi/lib/thumb/v6-m/nofp/libc_nano.a(libc_a-lock.o)
                0x08007400                __retarget_lock_init_recursive
 .text.__retarget_lock_acquire_recursive
                0x08007402        0x2 /usr/lib/gcc/arm-none-eabi/14.2.0/../../../../arm-none-eabi/lib/thumb/v6-m/nofp/libc_nano.a(libc_a-lock.o)
                0x08007402                __retarget_lock_acquire_recursive
 .text.__retarget_lock_release_recursive
                0x08007404        0x2 /usr/lib/gcc/arm-none-eabi/14.2.0/../../../../arm-none-eabi/lib/thumb/v6-m/nofp/libc_nano.a(libc_a-lock.o)
                0x08007404                __retarget_lock_release_recursive
 .text.memcpy   0x08007406       0x12 /usr/lib/gcc/arm-none-eabi/14.2.0/../../../../arm-none-eabi/lib/thumb/v6-m/nofp/libc_nano.a(libc_a-memcpy-stub.o)
                0x08007406                memcpy
 .text._free_r  0x08007418       0x94 /usr/lib/gcc/arm-none-eabi/14.2.0/../../../../arm-none-eabi/lib/thumb/v6-m/nofp/libc_nano.a(libc_a-freer.o)
                0x08007418                _free_r
 .text.sbrk_aligned
                0x080074ac       0x44 /usr/lib/gcc/arm-none-eabi/14.2.0/../../../../arm-none-eabi/lib/thumb/v6-m/nofp/libc_nano.a(libc_a-mallocr.o)
 .text._malloc_r
                0x080074f0      0x100 /usr/lib/gcc/arm-none-eabi/14.2.0/../../../../arm-none-eabi/lib/thumb/v6-m/nofp/libc_nano.a(libc_a-mallocr.o)
                0x080074f0                _malloc_r
 .text.__malloc_lock
                0x080075f0       0x10 /usr/lib/gcc/arm-none-eabi/14.2.0/../../../../arm-none-eabi/lib/thumb/v6-m/nofp/libc_nano.a(libc_a-mlock.o)
                0x080075f0                __malloc_lock
 .text.__malloc_unlock
                0x08007600       0x10 /usr/lib/gcc/arm-none-eabi/14.2.0/../../../../arm-none-eabi/lib/thumb/v6-m/nofp/libc_nano.a(libc_a-mlock.o)
                0x08007600                __malloc_unlock
 .text.__ssputs_r
                0x08007610       0xc8 /usr/lib/gcc/arm-none-eabi/14.2.0/../../../../arm-none-eabi/lib/thumb/v6-m/nofp/libc_nano.a(libc_a-nano-svfprintf.o)
                0x08007610                __ssputs_r
 .text._svfprintf_r
                0x080076d8      0x208 /usr/lib/gcc/arm-none-eabi/14.2.0/../../../../arm-none-eabi/lib/thumb/v6-m/nofp/libc_nano.a(libc_a-nano-svfprintf.o)
                0x080076d8                _svfprintf_r
                0x080076d8                _svfiprintf_r
 .text.__sfputc_r
                0x080078e0       0x2a /usr/lib/gcc/arm-none-eabi/14.2.0/../../../../arm-none-eabi/lib/thumb/v6-m/nofp/libc_nano.a(libc_a-nano-vfprintf.o)
 .text.__sfputs_r
                0x0800790a       0x24 /usr/lib/gcc/arm-none-eabi/14.2.0/../../../../arm-none-eabi/lib/thumb/v6-m/nofp/libc_nano.a(libc_a-nano-vfprintf.o)
                0x0800790a                __sfputs_r
 *fill*         0x0800792e        0x2 
 .text._vfprintf_r
                0x08007930      0x240 /usr/lib/gcc/arm-none-eabi/14.2.0/../../../../arm-none-eabi/lib/thumb/v6-m/nofp/libc_nano.a(libc_a-nano-vfprintf.o)
                0x08007930                _vfiprintf_r
                0x08007930                _vfprintf_r
 .text._printf_common
                0x08007b70       0xde /usr/lib/gcc/arm-none-eabi/14.2.0/../../../../arm-none-eabi/lib/thumb/v6-m/nofp/libc_nano.a(libc_a-nano-vfprintf_i.o)
                0x08007b70                _printf_common
 *fill*         0x08007c4e        0x2 
 .text._printf_i
                0x08007c50      0x218 /usr/lib/gcc/arm-none-eabi/14.2.0/../../../../arm-none-eabi/lib/thumb/v6-m/nofp/libc_nano.a(libc_a-nano-vfprintf_i.o)
                0x08007c50                _printf_i
 .text.__sflush_r
                0x08007e68      0x114 /usr/lib/gcc/arm-none-eabi/14.2.0/../../../../arm-none-eabi/lib/thumb/v6-m/nofp/libc_nano.a(libc_a-fflush.o)
                0x08007e68                __sflush_r
 .text._fflush_r
                0x08007f7c       0x56 /usr/lib/gcc/arm-none-eabi/14.2.0/../../../../arm-none-eabi/lib/thumb/v6-m/nofp/libc_nano.a(libc_a-fflush.o)
                0x08007f7c                _fflush_r
 .text._putc_r  0x08007fd2       0x6c /usr/lib/gcc/arm-none-eabi/14.2.0/../../../../arm-none-eabi/lib/thumb/v6-m/nofp/libc_nano.a(libc_a-putc.o)
                0x08007fd2                _putc_r
 .text.__swbuf_r
                0x0800803e       0x84 /usr/lib/gcc/arm-none-eabi/14.2.0/../../../../arm-none-eabi/lib/thumb/v6-m/nofp/libc_nano.a(libc_a-wbuf.o)
                0x0800803e                __swbuf_r
 *fill*         0x080080c2        0x2 
 .text.__swsetup_r
                0x080080c4       0xb8 /usr/lib/gcc/arm-none-eabi/14.2.0/../../../../arm-none-eabi/lib/thumb/v6-m/nofp/libc_nano.a(libc_a-wsetup.o)
                0x080080c4                __swsetup_r
 .text.memmove  0x0800817c       0x24 /usr/lib/gcc/arm-none-eabi/14.2.0/../../../../arm-none-eabi/lib/thumb/v6-m/nofp/libc_nano.a(libc_a-memmove.o)
                0x0800817c                memmove
 .text._sbrk_r  0x080081a0       0x24 /usr/lib/gcc/arm-none-eabi/14.2.0/../../../../arm-none-eabi/lib/thumb/v6-m/nofp/libc_nano.a(libc_a-sbrkr.o)
                0x080081a0                _sbrk_r
 .text.memchr   0x080081c4       0x16 /usr/lib/gcc/arm-none-eabi/14.2.0/../../../../arm-none-eabi/lib/thumb/v6-m/nofp/libc_nano.a(libc_a-memchr-stub.o)
                0x080081c4                memchr
 .text._realloc_r
                0x080081da       0x60 /usr/lib/gcc/arm-none-eabi/14.2.0/../../../../arm-none-eabi/lib/thumb/v6-m/nofp/libc_nano.a(libc_a-reallocr.o)
                0x080081da                _realloc_r
 *fill*         0x0800823a        0x2 
 .text.__swhatbuf_r
                0x0800823c       0x54 /usr/lib/gcc/arm-none-eabi/14.2.0/../../../../arm-none-eabi/lib/thumb/v6-m/nofp/libc_nano.a(libc_a-makebuf.o)
                0x0800823c                __swhatbuf_r
 .text.__smakebuf_r
                0x08008290       0x72 /usr/lib/gcc/arm-none-eabi/14.2.0/../../../../arm-none-eabi/lib/thumb/v6-m/nofp/libc_nano.a(libc_a-makebuf.o)
                0x08008290                __smakebuf_r
 *fill*         0x08008302        0x2 
 .text._fstat_r
                0x08008304       0x24 /usr/lib/gcc/arm-none-eabi/14.2.0/../../../../arm-none-eabi/lib/thumb/v6-m/nofp/libc_nano.a(libc_a-fstatr.o)
                0x08008304                _fstat_r
 .text._isatty_r
                0x08008328       0x24 /usr/lib/gcc/arm-none-eabi/14.2.0/../../../../arm-none-eabi/lib/thumb/v6-m/nofp/libc_nano.a(libc_a-isattyr.o)
                0x08008328                _isatty_r
 .text._malloc_usable_size_r
                0x0800834c       0x10 /usr/lib/gcc/arm-none-eabi/14.2.0/../../../../arm-none-eabi/lib/thumb/v6-m/nofp/libc_nano.a(libc_a-msizer.o)
                0x0800834c                _malloc_usable_size_r
 .text._close   0x0800835c       0x10 /usr/lib/gcc/arm-none-eabi/14.2.0/../../../../arm-none-eabi/lib/thumb/v6-m/nofp/libnosys.a(close.o)
                0x0800835c                _close
 .text._fstat   0x0800836c       0x10 /usr/lib/gcc/arm-none-eabi/14.2.0/../../../../arm-none-eabi/lib/thumb/v6-m/nofp/libnosys.a(fstat.o)
                0x0800836c                _fstat
 .text._isatty  0x0800837c       0x10 /usr/lib/gcc/arm-none-eabi/14.2.0/../../../../arm-none-eabi/lib/thumb/v6-m/nofp/libnosys.a(isatty.o)
                0x0800837c                _isatty
 .text._lseek   0x0800838c       0x10 /usr/lib/gcc/arm-none-eabi/14.2.0/../../../../arm-none-eabi/lib/thumb/v6-m/nofp/libnosys.a(lseek.o)
                0x0800838c                _lseek
 .text._read    0x0800839c       0x10 /usr/lib/gcc/arm-none-eabi/14.2.0/../../../../arm-none-eabi/lib/thumb/v6-m/nofp/libnosys.a(read.o)
                0x0800839c                _read
 .text._sbrk    0x080083ac       0x1c /usr/lib/gcc/arm-none-eabi/14.2.0/../../../../arm-none-eabi/lib/thumb/v6-m/nofp/libnosys.a(sbrk.o)
                0x080083ac                _sbrk
 .text._write   0x080083c8       0x10 /usr/lib/gcc/arm-none-eabi/14.2.0/../../../../arm-none-eabi/lib/thumb/v6-m/nofp/libnosys.a(write.o)
                0x080083c8                _write
 *(.glue_7)
 .glue_7        0x080083d8        0x0 linker stubs
 *(.glue_7t)
 .glue_7t       0x080083d8        0x0 linker stubs
 *(.eh_frame)
 .eh_frame      0x080083d8        0x0 /usr/lib/gcc/arm-none-eabi/14.2.0/thumb/v6-m/nofp/crtbegin.o
 *(.init)
 .init          0x080083d8        0x4 /usr/lib/gcc/arm-none-eabi/14.2.0/thumb/v6-m/nofp/crti.o
                0x080083d8                _init
 .init          0x080083dc        0x8 /usr/lib/gcc/arm-none-eabi/14.2.0/thumb/v6-m/nofp/crtn.o
 *(.fini)
 .fini          0x080083e4        0x4 /usr/lib/gcc/arm-none-eabi/14.2.0/thumb/v6-m/nofp/crti.o
                0x080083e4                _fini
 .fini          0x080083e8        0x8 /usr/lib/gcc/arm-none-eabi/14.2.0/thumb/v6-m/nofp/crtn.o
                0x080083f0                        . = ALIGN (0x4)
                0x080083f0                        _etext = .

.vfp11_veneer   0x080083f0        0x0
 .vfp11_veneer  0x080083f0        0x0 linker stubs

.v4_bx          0x080083f0        0x0
 .v4_bx         0x080083f0        0x0 linker stubs

.iplt           0x080083f0        0x0
 .iplt          0x080083f0        0x0 /usr/lib/gcc/arm-none-eabi/14.2.0/thumb/v6-m/nofp/crtbegin.o

.rodata         0x080083f0      0x2a4
                0x080083f0                        . = ALIGN (0x4)
 *(.rodata)
 *(.rodata*)
 .rodata.process_usb_command.str1.4
                0x080083f0       0xd5 build/main.o
                                 0x3d (size before relaxing)
 .rodata.main.str1.4
                0x080084c5       0x18 build/main.o
 .rodata.USBD_CDC_ProductStrDescriptor.str1.4
                0x080084c5       0x16 build/usbd_desc.o
 .rodata.USBD_CDC_ManufacturerStrDescriptor.str1.4
                0x080084c5       0x13 build/usbd_desc.o
 .rodata.USBD_CDC_ConfigStrDescriptor.str1.4
                0x080084c5        0xb build/usbd_desc.o
 .rodata.USBD_CDC_InterfaceStrDescriptor.str1.4
                0x080084c5        0xe build/usbd_desc.o
 *fill*         0x080084c5        0x3 
 .rodata.HAL_TIM_OC_ConfigChannel
                0x080084c8       0x54 build/stm32g0xx_hal_tim.o
 .rodata.HAL_TIM_PWM_ConfigChannel
                0x0800851c       0x54 build/stm32g0xx_hal_tim.o
 .rodata.DLCtoBytes
                0x08008570       0x10 build/stm32g0xx_hal_fdcan.o
 .rodata.APBPrescTable
                0x08008580       0x20 build/system_stm32g0xx.o
                0x08008580                APBPrescTable
 .rodata.AHBPrescTable
                0x080085a0       0x40 build/system_stm32g0xx.o
                0x080085a0                AHBPrescTable
 .rodata.USBD_Init.str1.4
                0x080085e0       0x1e build/usbd_core.o
 .rodata.USBD_RegisterClass.str1.4
                0x080085e0       0x15 build/usbd_core.o
 .rodata.USBD_GetDescriptor
                0x080085e0       0x58 build/usbd_ctlreq.o
 .rodata.USBD_StdDevReq
                0x08008638       0x28 build/usbd_ctlreq.o
 .rodata._svfprintf_r.str1.1
                0x08008660       0x33 /usr/lib/gcc/arm-none-eabi/14.2.0/../../../../arm-none-eabi/lib/thumb/v6-m/nofp/libc_nano.a(libc_a-nano-svfprintf.o)
                                 0x11 (size before relaxing)
 .rodata._vfprintf_r.str1.1
                0x08008693       0x11 /usr/lib/gcc/arm-none-eabi/14.2.0/../../../../arm-none-eabi/lib/thumb/v6-m/nofp/libc_nano.a(libc_a-nano-vfprintf.o)
 .rodata._printf_i.str1.1
                0x08008693       0x22 /usr/lib/gcc/arm-none-eabi/14.2.0/../../../../arm-none-eabi/lib/thumb/v6-m/nofp/libc_nano.a(libc_a-nano-vfprintf_i.o)
                0x080086b8                        . = ALIGN (0x4)
 *fill*         0x08008693        0x1 

.ARM.extab      0x08008694        0x0
                0x08008694                        . = ALIGN (0x4)
 *(.ARM.extab* .gnu.linkonce.armextab.*)
                0x08008694                        . = ALIGN (0x4)

.ARM            0x08008694        0x0
                0x08008694                        . = ALIGN (0x4)
                0x08008694                        __exidx_start = .
 *(.ARM.exidx*)
                0x08008694                        __exidx_end = .
                0x08008694                        . = ALIGN (0x4)

.preinit_array  0x08008694        0x0
                0x08008694                        . = ALIGN (0x4)
                0x08008694                        PROVIDE (__preinit_array_start = .)
 *(.preinit_array*)
                0x08008694                        PROVIDE (__preinit_array_end = .)
                0x08008694                        . = ALIGN (0x4)

.init_array     0x08008694        0x4
                0x08008694                        . = ALIGN (0x4)
                0x08008694                        PROVIDE (__init_array_start = .)
 *(SORT_BY_NAME(.init_array.*))
 *(.init_array*)
 .init_array    0x08008694        0x4 /usr/lib/gcc/arm-none-eabi/14.2.0/thumb/v6-m/nofp/crtbegin.o
                0x08008698                        PROVIDE (__init_array_end = .)
                0x08008698                        . = ALIGN (0x4)

.fini_array     0x08008698        0x4
                0x08008698                        . = ALIGN (0x4)
                0x08008698                        PROVIDE (__fini_array_start = .)
 *(SORT_BY_NAME(.fini_array.*))
 *(.fini_array*)
 .fini_array    0x08008698        0x4 /usr/lib/gcc/arm-none-eabi/14.2.0/thumb/v6-m/nofp/crtbegin.o
                0x0800869c                        PROVIDE (__fini_array_end = .)
                0x0800869c                        . = ALIGN (0x4)
                0x0800869c                        _sidata = LOADADDR (.data)

.rel.dyn        0x0800869c        0x0
 .rel.iplt      0x0800869c        0x0 /usr/lib/gcc/arm-none-eabi/14.2.0/thumb/v6-m/nofp/crtbegin.o

.data           0x20000000      0x158 load address 0x0800869c
                0x20000000                        . = ALIGN (0x4)
                0x20000000                        _sdata = .
 *(.data)
 *(.data*)
 .data.USBD_StringSerial
                0x20000000       0x1a build/usbd_desc.o
                0x20000000                USBD_StringSerial
 *fill*         0x2000001a        0x2 
 .data.USBD_LangIDDesc
                0x2000001c        0x4 build/usbd_desc.o
                0x2000001c                USBD_LangIDDesc
 .data.USBD_CDC_DeviceDesc
                0x20000020       0x12 build/usbd_desc.o
                0x20000020                USBD_CDC_DeviceDesc
 *fill*         0x20000032        0x2 
 .data.CDC_Desc
                0x20000034       0x20 build/usbd_desc.o
                0x20000034                CDC_Desc
 .data.USBD_Interface_fops_FS
                0x20000054       0x14 build/usbd_cdc_if.o
                0x20000054                USBD_Interface_fops_FS
 .data.uwTickFreq
                0x20000068        0x1 build/stm32g0xx_hal.o
                0x20000068                uwTickFreq
 *fill*         0x20000069        0x3 
 .data.uwTickPrio
                0x2000006c        0x4 build/stm32g0xx_hal.o
                0x2000006c                uwTickPrio
 .data.SystemCoreClock
                0x20000070        0x4 build/system_stm32g0xx.o
                0x20000070                SystemCoreClock
 .data.USBD_CDC_CfgDesc
                0x20000074       0x43 build/usbd_cdc.o
 *fill*         0x200000b7        0x1 
 .data.USBD_CDC
                0x200000b8       0x38 build/usbd_cdc.o
                0x200000b8                USBD_CDC
 .data.USBD_CDC_DeviceQualifierDesc
                0x200000f0        0xa build/usbd_cdc.o
 *fill*         0x200000fa        0x2 
 .data.__sglue  0x200000fc        0xc /usr/lib/gcc/arm-none-eabi/14.2.0/../../../../arm-none-eabi/lib/thumb/v6-m/nofp/libc_nano.a(libc_a-findfp.o)
                0x200000fc                __sglue
 .data._impure_ptr
                0x20000108        0x4 /usr/lib/gcc/arm-none-eabi/14.2.0/../../../../arm-none-eabi/lib/thumb/v6-m/nofp/libc_nano.a(libc_a-impure.o)
                0x20000108                _impure_ptr
 .data._impure_data
                0x2000010c       0x4c /usr/lib/gcc/arm-none-eabi/14.2.0/../../../../arm-none-eabi/lib/thumb/v6-m/nofp/libc_nano.a(libc_a-impure.o)
                0x2000010c                _impure_data
 *(.RamFunc)
 *(.RamFunc*)
                0x20000158                        . = ALIGN (0x4)
                0x20000158                        _edata = .

.igot.plt       0x20000158        0x0 load address 0x080087f4
 .igot.plt      0x20000158        0x0 /usr/lib/gcc/arm-none-eabi/14.2.0/thumb/v6-m/nofp/crtbegin.o
                0x20000158                        . = ALIGN (0x4)

.bss            0x20000158     0x1f18 load address 0x080087f4
                0x20000158                        _sbss = .
                0x20000158                        __bss_start__ = _sbss
 *(.bss)
 *(.bss*)
 .bss.completed.1
                0x20000158        0x1 /usr/lib/gcc/arm-none-eabi/14.2.0/thumb/v6-m/nofp/crtbegin.o
 *fill*         0x20000159        0x3 
 .bss.object.0  0x2000015c       0x18 /usr/lib/gcc/arm-none-eabi/14.2.0/thumb/v6-m/nofp/crtbegin.o
 .bss.led_state.0
                0x20000174        0x1 build/main.o
 *fill*         0x20000175        0x3 
 .bss.led_timer.1
                0x20000178        0x4 build/main.o
 .bss.can2_terminator_enabled
                0x2000017c        0x1 build/main.o
 .bss.can1_terminator_enabled
                0x2000017d        0x1 build/main.o
 *fill*         0x2000017e        0x2 
 .bss.can2_tx_count
                0x20000180        0x4 build/main.o
 .bss.can1_tx_count
                0x20000184        0x4 build/main.o
 .bss.can2_rx_count
                0x20000188        0x4 build/main.o
 .bss.can1_rx_count
                0x2000018c        0x4 build/main.o
 .bss.can_rx_queue_tail
                0x20000190        0x1 build/main.o
 .bss.can_rx_queue_head
                0x20000191        0x1 build/main.o
 *fill*         0x20000192        0x2 
 .bss.can_rx_queue
                0x20000194       0xa0 build/main.o
 .bss.usb_rx_index
                0x20000234        0x1 build/main.o
                0x20000234                usb_rx_index
 *fill*         0x20000235        0x3 
 .bss.usb_rx_buffer
                0x20000238       0x40 build/main.o
                0x20000238                usb_rx_buffer
 .bss.hdma_adc1
                0x20000278       0x60 build/adc.o
                0x20000278                hdma_adc1
 .bss.hadc1     0x200002d8       0x64 build/adc.o
                0x200002d8                hadc1
 .bss.HAL_RCC_FDCAN_CLK_ENABLED
                0x2000033c        0x4 build/fdcan.o
 .bss.hfdcan2   0x20000340       0x64 build/fdcan.o
                0x20000340                hfdcan2
 .bss.hfdcan1   0x200003a4       0x64 build/fdcan.o
                0x200003a4                hfdcan1
 .bss.hiwdg     0x20000408       0x10 build/iwdg.o
                0x20000408                hiwdg
 .bss.hspi2     0x20000418       0x64 build/spi.o
                0x20000418                hspi2
 .bss.htim4     0x2000047c       0x4c build/tim.o
                0x2000047c                htim4
 .bss.htim1     0x200004c8       0x4c build/stm32g0xx_hal_timebase_tim.o
                0x200004c8                htim1
 .bss.hUsbDeviceFS
                0x20000514      0x2dc build/usb_device.o
                0x20000514                hUsbDeviceFS
 .bss.USBD_StrDesc
                0x200007f0      0x200 build/usbd_desc.o
                0x200007f0                USBD_StrDesc
 .bss.UserTxBufferFS
                0x200009f0      0x800 build/usbd_cdc_if.o
                0x200009f0                UserTxBufferFS
 .bss.UserRxBufferFS
                0x200011f0      0x800 build/usbd_cdc_if.o
                0x200011f0                UserRxBufferFS
 .bss.mem.0     0x200019f0      0x220 build/usbd_conf.o
 .bss.hpcd_USB_DRD_FS
                0x20001c10      0x308 build/usbd_conf.o
                0x20001c10                hpcd_USB_DRD_FS
 .bss.uwTick    0x20001f18        0x4 build/stm32g0xx_hal.o
                0x20001f18                uwTick
 .bss.cfgidx.0  0x20001f1c        0x1 build/usbd_ctlreq.o
 *fill*         0x20001f1d        0x3 
 .bss.__sf      0x20001f20      0x138 /usr/lib/gcc/arm-none-eabi/14.2.0/../../../../arm-none-eabi/lib/thumb/v6-m/nofp/libc_nano.a(libc_a-findfp.o)
                0x20001f20                __sf
 .bss.__stdio_exit_handler
                0x20002058        0x4 /usr/lib/gcc/arm-none-eabi/14.2.0/../../../../arm-none-eabi/lib/thumb/v6-m/nofp/libc_nano.a(libc_a-findfp.o)
                0x20002058                __stdio_exit_handler
 .bss.errno     0x2000205c        0x4 /usr/lib/gcc/arm-none-eabi/14.2.0/../../../../arm-none-eabi/lib/thumb/v6-m/nofp/libc_nano.a(libc_a-reent.o)
                0x2000205c                errno
 .bss.__lock___malloc_recursive_mutex
                0x20002060        0x1 /usr/lib/gcc/arm-none-eabi/14.2.0/../../../../arm-none-eabi/lib/thumb/v6-m/nofp/libc_nano.a(libc_a-lock.o)
                0x20002060                __lock___malloc_recursive_mutex
 .bss.__lock___sfp_recursive_mutex
                0x20002061        0x1 /usr/lib/gcc/arm-none-eabi/14.2.0/../../../../arm-none-eabi/lib/thumb/v6-m/nofp/libc_nano.a(libc_a-lock.o)
                0x20002061                __lock___sfp_recursive_mutex
 *fill*         0x20002062        0x2 
 .bss.__malloc_sbrk_start
                0x20002064        0x4 /usr/lib/gcc/arm-none-eabi/14.2.0/../../../../arm-none-eabi/lib/thumb/v6-m/nofp/libc_nano.a(libc_a-mallocr.o)
                0x20002064                __malloc_sbrk_start
 .bss.__malloc_free_list
                0x20002068        0x4 /usr/lib/gcc/arm-none-eabi/14.2.0/../../../../arm-none-eabi/lib/thumb/v6-m/nofp/libc_nano.a(libc_a-mallocr.o)
                0x20002068                __malloc_free_list
 .bss.heap_end.0
                0x2000206c        0x4 /usr/lib/gcc/arm-none-eabi/14.2.0/../../../../arm-none-eabi/lib/thumb/v6-m/nofp/libnosys.a(sbrk.o)
 *(COMMON)
                0x20002070                        . = ALIGN (0x4)
                0x20002070                        _ebss = .
                0x20002070                        __bss_end__ = _ebss

._user_heap_stack
                0x20002070      0x600 load address 0x080087f4
                0x20002070                        . = ALIGN (0x8)
                0x20002070                        PROVIDE (end = .)
                [!provide]                        PROVIDE (_end = .)
                0x20002270                        . = (. + _Min_Heap_Size)
 *fill*         0x20002070      0x200 
                0x20002670                        . = (. + _Min_Stack_Size)
 *fill*         0x20002270      0x400 
                0x20002670                        . = ALIGN (0x8)

/DISCARD/
 libc.a(*)
 libm.a(*)
 libgcc.a(*)
OUTPUT(build/stm_ioc.elf elf32-littlearm)
LOAD linker stubs
LOAD /usr/lib/gcc/arm-none-eabi/14.2.0/../../../../arm-none-eabi/lib/thumb/v6-m/nofp/libc.a
LOAD /usr/lib/gcc/arm-none-eabi/14.2.0/../../../../arm-none-eabi/lib/thumb/v6-m/nofp/libm.a
LOAD /usr/lib/gcc/arm-none-eabi/14.2.0/thumb/v6-m/nofp/libgcc.a

.ARM.attributes
                0x00000000       0x28
 .ARM.attributes
                0x00000000       0x1e /usr/lib/gcc/arm-none-eabi/14.2.0/thumb/v6-m/nofp/crti.o
 .ARM.attributes
                0x0000001e       0x2c /usr/lib/gcc/arm-none-eabi/14.2.0/thumb/v6-m/nofp/crtbegin.o
 .ARM.attributes
                0x0000004a       0x2c build/main.o
 .ARM.attributes
                0x00000076       0x2c build/gpio.o
 .ARM.attributes
                0x000000a2       0x2c build/adc.o
 .ARM.attributes
                0x000000ce       0x2c build/dma.o
 .ARM.attributes
                0x000000fa       0x2c build/fdcan.o
 .ARM.attributes
                0x00000126       0x2c build/iwdg.o
 .ARM.attributes
                0x00000152       0x2c build/spi.o
 .ARM.attributes
                0x0000017e       0x2c build/tim.o
 .ARM.attributes
                0x000001aa       0x2c build/stm32g0xx_it.o
 .ARM.attributes
                0x000001d6       0x2c build/stm32g0xx_hal_msp.o
 .ARM.attributes
                0x00000202       0x2c build/stm32g0xx_hal_timebase_tim.o
 .ARM.attributes
                0x0000022e       0x2c build/usb_device.o
 .ARM.attributes
                0x0000025a       0x2c build/usbd_desc.o
 .ARM.attributes
                0x00000286       0x2c build/usbd_cdc_if.o
 .ARM.attributes
                0x000002b2       0x2c build/usbd_conf.o
 .ARM.attributes
                0x000002de       0x2c build/stm32g0xx_hal_tim.o
 .ARM.attributes
                0x0000030a       0x2c build/stm32g0xx_hal_tim_ex.o
 .ARM.attributes
                0x00000336       0x2c build/stm32g0xx_hal_pcd.o
 .ARM.attributes
                0x00000362       0x2c build/stm32g0xx_hal_pcd_ex.o
 .ARM.attributes
                0x0000038e       0x2c build/stm32g0xx_ll_usb.o
 .ARM.attributes
                0x000003ba       0x2c build/stm32g0xx_hal_rcc.o
 .ARM.attributes
                0x000003e6       0x2c build/stm32g0xx_hal_rcc_ex.o
 .ARM.attributes
                0x00000412       0x2c build/stm32g0xx_hal_gpio.o
 .ARM.attributes
                0x0000043e       0x2c build/stm32g0xx_hal_dma.o
 .ARM.attributes
                0x0000046a       0x2c build/stm32g0xx_hal_pwr_ex.o
 .ARM.attributes
                0x00000496       0x2c build/stm32g0xx_hal_cortex.o
 .ARM.attributes
                0x000004c2       0x2c build/stm32g0xx_hal.o
 .ARM.attributes
                0x000004ee       0x2c build/stm32g0xx_hal_adc.o
 .ARM.attributes
                0x0000051a       0x2c build/stm32g0xx_hal_fdcan.o
 .ARM.attributes
                0x00000546       0x2c build/stm32g0xx_hal_iwdg.o
 .ARM.attributes
                0x00000572       0x2c build/stm32g0xx_hal_spi.o
 .ARM.attributes
                0x0000059e       0x2c build/system_stm32g0xx.o
 .ARM.attributes
                0x000005ca       0x2c build/usbd_core.o
 .ARM.attributes
                0x000005f6       0x2c build/usbd_ctlreq.o
 .ARM.attributes
                0x00000622       0x2c build/usbd_ioreq.o
 .ARM.attributes
                0x0000064e       0x2c build/usbd_cdc.o
 .ARM.attributes
                0x0000067a       0x22 build/startup_stm32g0b1xx.o
 .ARM.attributes
                0x0000069c       0x2c /usr/lib/gcc/arm-none-eabi/14.2.0/../../../../arm-none-eabi/lib/thumb/v6-m/nofp/libc_nano.a(libc_a-findfp.o)
 .ARM.attributes
                0x000006c8       0x2c /usr/lib/gcc/arm-none-eabi/14.2.0/../../../../arm-none-eabi/lib/thumb/v6-m/nofp/libc_nano.a(libc_a-fwalk.o)
 .ARM.attributes
                0x000006f4       0x2c /usr/lib/gcc/arm-none-eabi/14.2.0/../../../../arm-none-eabi/lib/thumb/v6-m/nofp/libc_nano.a(libc_a-printf.o)
 .ARM.attributes
                0x00000720       0x2c /usr/lib/gcc/arm-none-eabi/14.2.0/../../../../arm-none-eabi/lib/thumb/v6-m/nofp/libc_nano.a(libc_a-putchar.o)
 .ARM.attributes
                0x0000074c       0x2c /usr/lib/gcc/arm-none-eabi/14.2.0/../../../../arm-none-eabi/lib/thumb/v6-m/nofp/libc_nano.a(libc_a-snprintf.o)
 .ARM.attributes
                0x00000778       0x2c /usr/lib/gcc/arm-none-eabi/14.2.0/../../../../arm-none-eabi/lib/thumb/v6-m/nofp/libc_nano.a(libc_a-stdio.o)
 .ARM.attributes
                0x000007a4       0x2c /usr/lib/gcc/arm-none-eabi/14.2.0/../../../../arm-none-eabi/lib/thumb/v6-m/nofp/libc_nano.a(libc_a-memset.o)
 .ARM.attributes
                0x000007d0       0x2c /usr/lib/gcc/arm-none-eabi/14.2.0/../../../../arm-none-eabi/lib/thumb/v6-m/nofp/libc_nano.a(libc_a-closer.o)
 .ARM.attributes
                0x000007fc       0x2c /usr/lib/gcc/arm-none-eabi/14.2.0/../../../../arm-none-eabi/lib/thumb/v6-m/nofp/libc_nano.a(libc_a-reent.o)
 .ARM.attributes
                0x00000828       0x2c /usr/lib/gcc/arm-none-eabi/14.2.0/../../../../arm-none-eabi/lib/thumb/v6-m/nofp/libc_nano.a(libc_a-impure.o)
 .ARM.attributes
                0x00000854       0x2c /usr/lib/gcc/arm-none-eabi/14.2.0/../../../../arm-none-eabi/lib/thumb/v6-m/nofp/libc_nano.a(libc_a-lseekr.o)
 .ARM.attributes
                0x00000880       0x2c /usr/lib/gcc/arm-none-eabi/14.2.0/../../../../arm-none-eabi/lib/thumb/v6-m/nofp/libc_nano.a(libc_a-readr.o)
 .ARM.attributes
                0x000008ac       0x2c /usr/lib/gcc/arm-none-eabi/14.2.0/../../../../arm-none-eabi/lib/thumb/v6-m/nofp/libc_nano.a(libc_a-writer.o)
 .ARM.attributes
                0x000008d8       0x2c /usr/lib/gcc/arm-none-eabi/14.2.0/../../../../arm-none-eabi/lib/thumb/v6-m/nofp/libc_nano.a(libc_a-init.o)
 .ARM.attributes
                0x00000904       0x2c /usr/lib/gcc/arm-none-eabi/14.2.0/../../../../arm-none-eabi/lib/thumb/v6-m/nofp/libc_nano.a(libc_a-lock.o)
 .ARM.attributes
                0x00000930       0x2c /usr/lib/gcc/arm-none-eabi/14.2.0/../../../../arm-none-eabi/lib/thumb/v6-m/nofp/libc_nano.a(libc_a-memcpy-stub.o)
 .ARM.attributes
                0x0000095c       0x1c /usr/lib/gcc/arm-none-eabi/14.2.0/../../../../arm-none-eabi/lib/thumb/v6-m/nofp/libc_nano.a(libc_a-strlen.o)
 .ARM.attributes
                0x00000978       0x2c /usr/lib/gcc/arm-none-eabi/14.2.0/../../../../arm-none-eabi/lib/thumb/v6-m/nofp/libc_nano.a(libc_a-freer.o)
 .ARM.attributes
                0x000009a4       0x2c /usr/lib/gcc/arm-none-eabi/14.2.0/../../../../arm-none-eabi/lib/thumb/v6-m/nofp/libc_nano.a(libc_a-mallocr.o)
 .ARM.attributes
                0x000009d0       0x2c /usr/lib/gcc/arm-none-eabi/14.2.0/../../../../arm-none-eabi/lib/thumb/v6-m/nofp/libc_nano.a(libc_a-mlock.o)
 .ARM.attributes
                0x000009fc       0x2c /usr/lib/gcc/arm-none-eabi/14.2.0/../../../../arm-none-eabi/lib/thumb/v6-m/nofp/libc_nano.a(libc_a-nano-svfprintf.o)
 .ARM.attributes
                0x00000a28       0x2c /usr/lib/gcc/arm-none-eabi/14.2.0/../../../../arm-none-eabi/lib/thumb/v6-m/nofp/libc_nano.a(libc_a-nano-vfprintf.o)
 .ARM.attributes
                0x00000a54       0x2c /usr/lib/gcc/arm-none-eabi/14.2.0/../../../../arm-none-eabi/lib/thumb/v6-m/nofp/libc_nano.a(libc_a-nano-vfprintf_i.o)
 .ARM.attributes
                0x00000a80       0x2c /usr/lib/gcc/arm-none-eabi/14.2.0/../../../../arm-none-eabi/lib/thumb/v6-m/nofp/libc_nano.a(libc_a-fflush.o)
 .ARM.attributes
                0x00000aac       0x2c /usr/lib/gcc/arm-none-eabi/14.2.0/../../../../arm-none-eabi/lib/thumb/v6-m/nofp/libc_nano.a(libc_a-putc.o)
 .ARM.attributes
                0x00000ad8       0x2c /usr/lib/gcc/arm-none-eabi/14.2.0/../../../../arm-none-eabi/lib/thumb/v6-m/nofp/libc_nano.a(libc_a-wbuf.o)
 .ARM.attributes
                0x00000b04       0x2c /usr/lib/gcc/arm-none-eabi/14.2.0/../../../../arm-none-eabi/lib/thumb/v6-m/nofp/libc_nano.a(libc_a-wsetup.o)
 .ARM.attributes
                0x00000b30       0x2c /usr/lib/gcc/arm-none-eabi/14.2.0/../../../../arm-none-eabi/lib/thumb/v6-m/nofp/libc_nano.a(libc_a-memmove.o)
 .ARM.attributes
                0x00000b5c       0x2c /usr/lib/gcc/arm-none-eabi/14.2.0/../../../../arm-none-eabi/lib/thumb/v6-m/nofp/libc_nano.a(libc_a-sbrkr.o)
 .ARM.attributes
                0x00000b88       0x2c /usr/lib/gcc/arm-none-eabi/14.2.0/../../../../arm-none-eabi/lib/thumb/v6-m/nofp/libc_nano.a(libc_a-memchr-stub.o)
 .ARM.attributes
                0x00000bb4       0x2c /usr/lib/gcc/arm-none-eabi/14.2.0/../../../../arm-none-eabi/lib/thumb/v6-m/nofp/libc_nano.a(libc_a-reallocr.o)
 .ARM.attributes
                0x00000be0       0x2c /usr/lib/gcc/arm-none-eabi/14.2.0/../../../../arm-none-eabi/lib/thumb/v6-m/nofp/libc_nano.a(libc_a-makebuf.o)
 .ARM.attributes
                0x00000c0c       0x2c /usr/lib/gcc/arm-none-eabi/14.2.0/../../../../arm-none-eabi/lib/thumb/v6-m/nofp/libc_nano.a(libc_a-fstatr.o)
 .ARM.attributes
                0x00000c38       0x2c /usr/lib/gcc/arm-none-eabi/14.2.0/../../../../arm-none-eabi/lib/thumb/v6-m/nofp/libc_nano.a(libc_a-isattyr.o)
 .ARM.attributes
                0x00000c64       0x2c /usr/lib/gcc/arm-none-eabi/14.2.0/../../../../arm-none-eabi/lib/thumb/v6-m/nofp/libc_nano.a(libc_a-msizer.o)
 .ARM.attributes
                0x00000c90       0x2c /usr/lib/gcc/arm-none-eabi/14.2.0/../../../../arm-none-eabi/lib/thumb/v6-m/nofp/libnosys.a(close.o)
 .ARM.attributes
                0x00000cbc       0x2c /usr/lib/gcc/arm-none-eabi/14.2.0/../../../../arm-none-eabi/lib/thumb/v6-m/nofp/libnosys.a(fstat.o)
 .ARM.attributes
                0x00000ce8       0x2c /usr/lib/gcc/arm-none-eabi/14.2.0/../../../../arm-none-eabi/lib/thumb/v6-m/nofp/libnosys.a(isatty.o)
 .ARM.attributes
                0x00000d14       0x2c /usr/lib/gcc/arm-none-eabi/14.2.0/../../../../arm-none-eabi/lib/thumb/v6-m/nofp/libnosys.a(lseek.o)
 .ARM.attributes
                0x00000d40       0x2c /usr/lib/gcc/arm-none-eabi/14.2.0/../../../../arm-none-eabi/lib/thumb/v6-m/nofp/libnosys.a(read.o)
 .ARM.attributes
                0x00000d6c       0x2c /usr/lib/gcc/arm-none-eabi/14.2.0/../../../../arm-none-eabi/lib/thumb/v6-m/nofp/libnosys.a(sbrk.o)
 .ARM.attributes
                0x00000d98       0x2c /usr/lib/gcc/arm-none-eabi/14.2.0/../../../../arm-none-eabi/lib/thumb/v6-m/nofp/libnosys.a(write.o)
 .ARM.attributes
                0x00000dc4       0x1e /usr/lib/gcc/arm-none-eabi/14.2.0/thumb/v6-m/nofp/libgcc.a(_thumb1_case_shi.o)
 .ARM.attributes
                0x00000de2       0x1e /usr/lib/gcc/arm-none-eabi/14.2.0/thumb/v6-m/nofp/libgcc.a(_udivsi3.o)
 .ARM.attributes
                0x00000e00       0x1e /usr/lib/gcc/arm-none-eabi/14.2.0/thumb/v6-m/nofp/libgcc.a(_divsi3.o)
 .ARM.attributes
                0x00000e1e       0x1e /usr/lib/gcc/arm-none-eabi/14.2.0/thumb/v6-m/nofp/libgcc.a(_dvmd_tls.o)
 .ARM.attributes
                0x00000e3c       0x1e /usr/lib/gcc/arm-none-eabi/14.2.0/thumb/v6-m/nofp/crtn.o

.comment        0x00000000       0x1e
 .comment       0x00000000       0x1e build/main.o
                                 0x1f (size before relaxing)
 .comment       0x0000001e       0x1f build/gpio.o
 .comment       0x0000001e       0x1f build/adc.o
 .comment       0x0000001e       0x1f build/dma.o
 .comment       0x0000001e       0x1f build/fdcan.o
 .comment       0x0000001e       0x1f build/iwdg.o
 .comment       0x0000001e       0x1f build/spi.o
 .comment       0x0000001e       0x1f build/tim.o
 .comment       0x0000001e       0x1f build/stm32g0xx_it.o
 .comment       0x0000001e       0x1f build/stm32g0xx_hal_msp.o
 .comment       0x0000001e       0x1f build/stm32g0xx_hal_timebase_tim.o
 .comment       0x0000001e       0x1f build/usb_device.o
 .comment       0x0000001e       0x1f build/usbd_desc.o
 .comment       0x0000001e       0x1f build/usbd_cdc_if.o
 .comment       0x0000001e       0x1f build/usbd_conf.o
 .comment       0x0000001e       0x1f build/stm32g0xx_hal_tim.o
 .comment       0x0000001e       0x1f build/stm32g0xx_hal_tim_ex.o
 .comment       0x0000001e       0x1f build/stm32g0xx_hal_pcd.o
 .comment       0x0000001e       0x1f build/stm32g0xx_hal_pcd_ex.o
 .comment       0x0000001e       0x1f build/stm32g0xx_ll_usb.o
 .comment       0x0000001e       0x1f build/stm32g0xx_hal_rcc.o
 .comment       0x0000001e       0x1f build/stm32g0xx_hal_rcc_ex.o
 .comment       0x0000001e       0x1f build/stm32g0xx_hal_gpio.o
 .comment       0x0000001e       0x1f build/stm32g0xx_hal_dma.o
 .comment       0x0000001e       0x1f build/stm32g0xx_hal_pwr_ex.o
 .comment       0x0000001e       0x1f build/stm32g0xx_hal_cortex.o
 .comment       0x0000001e       0x1f build/stm32g0xx_hal.o
 .comment       0x0000001e       0x1f build/stm32g0xx_hal_adc.o
 .comment       0x0000001e       0x1f build/stm32g0xx_hal_fdcan.o
 .comment       0x0000001e       0x1f build/stm32g0xx_hal_iwdg.o
 .comment       0x0000001e       0x1f build/stm32g0xx_hal_spi.o
 .comment       0x0000001e       0x1f build/system_stm32g0xx.o
 .comment       0x0000001e       0x1f build/usbd_core.o
 .comment       0x0000001e       0x1f build/usbd_ctlreq.o
 .comment       0x0000001e       0x1f build/usbd_ioreq.o
 .comment       0x0000001e       0x1f build/usbd_cdc.o
 .comment       0x0000001e       0x1f /usr/lib/gcc/arm-none-eabi/14.2.0/../../../../arm-none-eabi/lib/thumb/v6-m/nofp/libc_nano.a(libc_a-findfp.o)
 .comment       0x0000001e       0x1f /usr/lib/gcc/arm-none-eabi/14.2.0/../../../../arm-none-eabi/lib/thumb/v6-m/nofp/libc_nano.a(libc_a-fwalk.o)
 .comment       0x0000001e       0x1f /usr/lib/gcc/arm-none-eabi/14.2.0/../../../../arm-none-eabi/lib/thumb/v6-m/nofp/libc_nano.a(libc_a-printf.o)
 .comment       0x0000001e       0x1f /usr/lib/gcc/arm-none-eabi/14.2.0/../../../../arm-none-eabi/lib/thumb/v6-m/nofp/libc_nano.a(libc_a-putchar.o)
 .comment       0x0000001e       0x1f /usr/lib/gcc/arm-none-eabi/14.2.0/../../../../arm-none-eabi/lib/thumb/v6-m/nofp/libc_nano.a(libc_a-snprintf.o)
 .comment       0x0000001e       0x1f /usr/lib/gcc/arm-none-eabi/14.2.0/../../../../arm-none-eabi/lib/thumb/v6-m/nofp/libc_nano.a(libc_a-stdio.o)
 .comment       0x0000001e       0x1f /usr/lib/gcc/arm-none-eabi/14.2.0/../../../../arm-none-eabi/lib/thumb/v6-m/nofp/libc_nano.a(libc_a-memset.o)
 .comment       0x0000001e       0x1f /usr/lib/gcc/arm-none-eabi/14.2.0/../../../../arm-none-eabi/lib/thumb/v6-m/nofp/libc_nano.a(libc_a-closer.o)
 .comment       0x0000001e       0x1f /usr/lib/gcc/arm-none-eabi/14.2.0/../../../../arm-none-eabi/lib/thumb/v6-m/nofp/libc_nano.a(libc_a-reent.o)
 .comment       0x0000001e       0x1f /usr/lib/gcc/arm-none-eabi/14.2.0/../../../../arm-none-eabi/lib/thumb/v6-m/nofp/libc_nano.a(libc_a-impure.o)
 .comment       0x0000001e       0x1f /usr/lib/gcc/arm-none-eabi/14.2.0/../../../../arm-none-eabi/lib/thumb/v6-m/nofp/libc_nano.a(libc_a-lseekr.o)
 .comment       0x0000001e       0x1f /usr/lib/gcc/arm-none-eabi/14.2.0/../../../../arm-none-eabi/lib/thumb/v6-m/nofp/libc_nano.a(libc_a-readr.o)
 .comment       0x0000001e       0x1f /usr/lib/gcc/arm-none-eabi/14.2.0/../../../../arm-none-eabi/lib/thumb/v6-m/nofp/libc_nano.a(libc_a-writer.o)
 .comment       0x0000001e       0x1f /usr/lib/gcc/arm-none-eabi/14.2.0/../../../../arm-none-eabi/lib/thumb/v6-m/nofp/libc_nano.a(libc_a-init.o)
 .comment       0x0000001e       0x1f /usr/lib/gcc/arm-none-eabi/14.2.0/../../../../arm-none-eabi/lib/thumb/v6-m/nofp/libc_nano.a(libc_a-lock.o)
 .comment       0x0000001e       0x1f /usr/lib/gcc/arm-none-eabi/14.2.0/../../../../arm-none-eabi/lib/thumb/v6-m/nofp/libc_nano.a(libc_a-memcpy-stub.o)
 .comment       0x0000001e       0x1f /usr/lib/gcc/arm-none-eabi/14.2.0/../../../../arm-none-eabi/lib/thumb/v6-m/nofp/libc_nano.a(libc_a-freer.o)
 .comment       0x0000001e       0x1f /usr/lib/gcc/arm-none-eabi/14.2.0/../../../../arm-none-eabi/lib/thumb/v6-m/nofp/libc_nano.a(libc_a-mallocr.o)
 .comment       0x0000001e       0x1f /usr/lib/gcc/arm-none-eabi/14.2.0/../../../../arm-none-eabi/lib/thumb/v6-m/nofp/libc_nano.a(libc_a-mlock.o)
 .comment       0x0000001e       0x1f /usr/lib/gcc/arm-none-eabi/14.2.0/../../../../arm-none-eabi/lib/thumb/v6-m/nofp/libc_nano.a(libc_a-nano-svfprintf.o)
 .comment       0x0000001e       0x1f /usr/lib/gcc/arm-none-eabi/14.2.0/../../../../arm-none-eabi/lib/thumb/v6-m/nofp/libc_nano.a(libc_a-nano-vfprintf.o)
 .comment       0x0000001e       0x1f /usr/lib/gcc/arm-none-eabi/14.2.0/../../../../arm-none-eabi/lib/thumb/v6-m/nofp/libc_nano.a(libc_a-nano-vfprintf_i.o)
 .comment       0x0000001e       0x1f /usr/lib/gcc/arm-none-eabi/14.2.0/../../../../arm-none-eabi/lib/thumb/v6-m/nofp/libc_nano.a(libc_a-fflush.o)
 .comment       0x0000001e       0x1f /usr/lib/gcc/arm-none-eabi/14.2.0/../../../../arm-none-eabi/lib/thumb/v6-m/nofp/libc_nano.a(libc_a-putc.o)
 .comment       0x0000001e       0x1f /usr/lib/gcc/arm-none-eabi/14.2.0/../../../../arm-none-eabi/lib/thumb/v6-m/nofp/libc_nano.a(libc_a-wbuf.o)
 .comment       0x0000001e       0x1f /usr/lib/gcc/arm-none-eabi/14.2.0/../../../../arm-none-eabi/lib/thumb/v6-m/nofp/libc_nano.a(libc_a-wsetup.o)
 .comment       0x0000001e       0x1f /usr/lib/gcc/arm-none-eabi/14.2.0/../../../../arm-none-eabi/lib/thumb/v6-m/nofp/libc_nano.a(libc_a-memmove.o)
 .comment       0x0000001e       0x1f /usr/lib/gcc/arm-none-eabi/14.2.0/../../../../arm-none-eabi/lib/thumb/v6-m/nofp/libc_nano.a(libc_a-sbrkr.o)
 .comment       0x0000001e       0x1f /usr/lib/gcc/arm-none-eabi/14.2.0/../../../../arm-none-eabi/lib/thumb/v6-m/nofp/libc_nano.a(libc_a-memchr-stub.o)
 .comment       0x0000001e       0x1f /usr/lib/gcc/arm-none-eabi/14.2.0/../../../../arm-none-eabi/lib/thumb/v6-m/nofp/libc_nano.a(libc_a-reallocr.o)
 .comment       0x0000001e       0x1f /usr/lib/gcc/arm-none-eabi/14.2.0/../../../../arm-none-eabi/lib/thumb/v6-m/nofp/libc_nano.a(libc_a-makebuf.o)
 .comment       0x0000001e       0x1f /usr/lib/gcc/arm-none-eabi/14.2.0/../../../../arm-none-eabi/lib/thumb/v6-m/nofp/libc_nano.a(libc_a-fstatr.o)
 .comment       0x0000001e       0x1f /usr/lib/gcc/arm-none-eabi/14.2.0/../../../../arm-none-eabi/lib/thumb/v6-m/nofp/libc_nano.a(libc_a-isattyr.o)
 .comment       0x0000001e       0x1f /usr/lib/gcc/arm-none-eabi/14.2.0/../../../../arm-none-eabi/lib/thumb/v6-m/nofp/libc_nano.a(libc_a-msizer.o)

.debug_info     0x00000000    0x3a01f
 .debug_info    0x00000000     0x231f build/main.o
 .debug_info    0x0000231f      0x5a9 build/gpio.o
 .debug_info    0x000028c8      0xece build/adc.o
 .debug_info    0x00003796      0x409 build/dma.o
 .debug_info    0x00003b9f      0xf4e build/fdcan.o
 .debug_info    0x00004aed      0x26d build/iwdg.o
 .debug_info    0x00004d5a      0xc71 build/spi.o
 .debug_info    0x000059cb     0x112c build/tim.o
 .debug_info    0x00006af7     0x1461 build/stm32g0xx_it.o
 .debug_info    0x00007f58      0x2fa build/stm32g0xx_hal_msp.o
 .debug_info    0x00008252      0xe03 build/stm32g0xx_hal_timebase_tim.o
 .debug_info    0x00009055      0x8d2 build/usb_device.o
 .debug_info    0x00009927      0x69d build/usbd_desc.o
 .debug_info    0x00009fc4      0xbb3 build/usbd_cdc_if.o
 .debug_info    0x0000ab77     0x22fb build/usbd_conf.o
 .debug_info    0x0000ce72     0x4412 build/stm32g0xx_hal_tim.o
 .debug_info    0x00011284     0x225c build/stm32g0xx_hal_tim_ex.o
 .debug_info    0x000134e0     0x1c45 build/stm32g0xx_hal_pcd.o
 .debug_info    0x00015125      0xa42 build/stm32g0xx_hal_pcd_ex.o
 .debug_info    0x00015b67     0x206f build/stm32g0xx_ll_usb.o
 .debug_info    0x00017bd6      0xfc6 build/stm32g0xx_hal_rcc.o
 .debug_info    0x00018b9c      0xe24 build/stm32g0xx_hal_rcc_ex.o
 .debug_info    0x000199c0      0x709 build/stm32g0xx_hal_gpio.o
 .debug_info    0x0001a0c9      0xb4c build/stm32g0xx_hal_dma.o
 .debug_info    0x0001ac15      0xaa4 build/stm32g0xx_hal_pwr_ex.o
 .debug_info    0x0001b6b9      0xb2b build/stm32g0xx_hal_cortex.o
 .debug_info    0x0001c1e4      0xd31 build/stm32g0xx_hal.o
 .debug_info    0x0001cf15     0x259b build/stm32g0xx_hal_adc.o
 .debug_info    0x0001f4b0     0x1f6c build/stm32g0xx_hal_fdcan.o
 .debug_info    0x0002141c      0x290 build/stm32g0xx_hal_iwdg.o
 .debug_info    0x000216ac     0x24e5 build/stm32g0xx_hal_spi.o
 .debug_info    0x00023b91      0x3d4 build/system_stm32g0xx.o
 .debug_info    0x00023f65     0x1566 build/usbd_core.o
 .debug_info    0x000254cb     0x164c build/usbd_ctlreq.o
 .debug_info    0x00026b17      0xa57 build/usbd_ioreq.o
 .debug_info    0x0002756e     0x1987 build/usbd_cdc.o
 .debug_info    0x00028ef5       0x30 build/startup_stm32g0b1xx.o
 .debug_info    0x00028f25      0xfaa /usr/lib/gcc/arm-none-eabi/14.2.0/../../../../arm-none-eabi/lib/thumb/v6-m/nofp/libc_nano.a(libc_a-findfp.o)
 .debug_info    0x00029ecf      0x7d7 /usr/lib/gcc/arm-none-eabi/14.2.0/../../../../arm-none-eabi/lib/thumb/v6-m/nofp/libc_nano.a(libc_a-fwalk.o)
 .debug_info    0x0002a6a6      0x841 /usr/lib/gcc/arm-none-eabi/14.2.0/../../../../arm-none-eabi/lib/thumb/v6-m/nofp/libc_nano.a(libc_a-printf.o)
 .debug_info    0x0002aee7      0x7c9 /usr/lib/gcc/arm-none-eabi/14.2.0/../../../../arm-none-eabi/lib/thumb/v6-m/nofp/libc_nano.a(libc_a-putchar.o)
 .debug_info    0x0002b6b0      0x8bf /usr/lib/gcc/arm-none-eabi/14.2.0/../../../../arm-none-eabi/lib/thumb/v6-m/nofp/libc_nano.a(libc_a-snprintf.o)
 .debug_info    0x0002bf6f      0xa82 /usr/lib/gcc/arm-none-eabi/14.2.0/../../../../arm-none-eabi/lib/thumb/v6-m/nofp/libc_nano.a(libc_a-stdio.o)
 .debug_info    0x0002c9f1       0xe0 /usr/lib/gcc/arm-none-eabi/14.2.0/../../../../arm-none-eabi/lib/thumb/v6-m/nofp/libc_nano.a(libc_a-memset.o)
 .debug_info    0x0002cad1      0x75d /usr/lib/gcc/arm-none-eabi/14.2.0/../../../../arm-none-eabi/lib/thumb/v6-m/nofp/libc_nano.a(libc_a-closer.o)
 .debug_info    0x0002d22e      0x89a /usr/lib/gcc/arm-none-eabi/14.2.0/../../../../arm-none-eabi/lib/thumb/v6-m/nofp/libc_nano.a(libc_a-reent.o)
 .debug_info    0x0002dac8      0x715 /usr/lib/gcc/arm-none-eabi/14.2.0/../../../../arm-none-eabi/lib/thumb/v6-m/nofp/libc_nano.a(libc_a-impure.o)
 .debug_info    0x0002e1dd      0x7a8 /usr/lib/gcc/arm-none-eabi/14.2.0/../../../../arm-none-eabi/lib/thumb/v6-m/nofp/libc_nano.a(libc_a-lseekr.o)
 .debug_info    0x0002e985      0x7bf /usr/lib/gcc/arm-none-eabi/14.2.0/../../../../arm-none-eabi/lib/thumb/v6-m/nofp/libc_nano.a(libc_a-readr.o)
 .debug_info    0x0002f144      0x7c5 /usr/lib/gcc/arm-none-eabi/14.2.0/../../../../arm-none-eabi/lib/thumb/v6-m/nofp/libc_nano.a(libc_a-writer.o)
 .debug_info    0x0002f909      0x10b /usr/lib/gcc/arm-none-eabi/14.2.0/../../../../arm-none-eabi/lib/thumb/v6-m/nofp/libc_nano.a(libc_a-init.o)
 .debug_info    0x0002fa14      0x218 /usr/lib/gcc/arm-none-eabi/14.2.0/../../../../arm-none-eabi/lib/thumb/v6-m/nofp/libc_nano.a(libc_a-lock.o)
 .debug_info    0x0002fc2c      0x11b /usr/lib/gcc/arm-none-eabi/14.2.0/../../../../arm-none-eabi/lib/thumb/v6-m/nofp/libc_nano.a(libc_a-memcpy-stub.o)
 .debug_info    0x0002fd47       0x31 /usr/lib/gcc/arm-none-eabi/14.2.0/../../../../arm-none-eabi/lib/thumb/v6-m/nofp/libc_nano.a(libc_a-strlen.o)
 .debug_info    0x0002fd78      0x84a /usr/lib/gcc/arm-none-eabi/14.2.0/../../../../arm-none-eabi/lib/thumb/v6-m/nofp/libc_nano.a(libc_a-freer.o)
 .debug_info    0x000305c2      0x9c8 /usr/lib/gcc/arm-none-eabi/14.2.0/../../../../arm-none-eabi/lib/thumb/v6-m/nofp/libc_nano.a(libc_a-mallocr.o)
 .debug_info    0x00030f8a      0x76b /usr/lib/gcc/arm-none-eabi/14.2.0/../../../../arm-none-eabi/lib/thumb/v6-m/nofp/libc_nano.a(libc_a-mlock.o)
 .debug_info    0x000316f5     0x10ce /usr/lib/gcc/arm-none-eabi/14.2.0/../../../../arm-none-eabi/lib/thumb/v6-m/nofp/libc_nano.a(libc_a-nano-svfprintf.o)
 .debug_info    0x000327c3     0x10a5 /usr/lib/gcc/arm-none-eabi/14.2.0/../../../../arm-none-eabi/lib/thumb/v6-m/nofp/libc_nano.a(libc_a-nano-vfprintf.o)
 .debug_info    0x00033868      0xe0a /usr/lib/gcc/arm-none-eabi/14.2.0/../../../../arm-none-eabi/lib/thumb/v6-m/nofp/libc_nano.a(libc_a-nano-vfprintf_i.o)
 .debug_info    0x00034672      0x9f3 /usr/lib/gcc/arm-none-eabi/14.2.0/../../../../arm-none-eabi/lib/thumb/v6-m/nofp/libc_nano.a(libc_a-fflush.o)
 .debug_info    0x00035065      0x8d5 /usr/lib/gcc/arm-none-eabi/14.2.0/../../../../arm-none-eabi/lib/thumb/v6-m/nofp/libc_nano.a(libc_a-putc.o)
 .debug_info    0x0003593a      0x874 /usr/lib/gcc/arm-none-eabi/14.2.0/../../../../arm-none-eabi/lib/thumb/v6-m/nofp/libc_nano.a(libc_a-wbuf.o)
 .debug_info    0x000361ae      0x7bb /usr/lib/gcc/arm-none-eabi/14.2.0/../../../../arm-none-eabi/lib/thumb/v6-m/nofp/libc_nano.a(libc_a-wsetup.o)
 .debug_info    0x00036969      0x109 /usr/lib/gcc/arm-none-eabi/14.2.0/../../../../arm-none-eabi/lib/thumb/v6-m/nofp/libc_nano.a(libc_a-memmove.o)
 .debug_info    0x00036a72      0x782 /usr/lib/gcc/arm-none-eabi/14.2.0/../../../../arm-none-eabi/lib/thumb/v6-m/nofp/libc_nano.a(libc_a-sbrkr.o)
 .debug_info    0x000371f4      0x110 /usr/lib/gcc/arm-none-eabi/14.2.0/../../../../arm-none-eabi/lib/thumb/v6-m/nofp/libc_nano.a(libc_a-memchr-stub.o)
 .debug_info    0x00037304      0x8ac /usr/lib/gcc/arm-none-eabi/14.2.0/../../../../arm-none-eabi/lib/thumb/v6-m/nofp/libc_nano.a(libc_a-reallocr.o)
 .debug_info    0x00037bb0      0xb15 /usr/lib/gcc/arm-none-eabi/14.2.0/../../../../arm-none-eabi/lib/thumb/v6-m/nofp/libc_nano.a(libc_a-makebuf.o)
 .debug_info    0x000386c5      0x981 /usr/lib/gcc/arm-none-eabi/14.2.0/../../../../arm-none-eabi/lib/thumb/v6-m/nofp/libc_nano.a(libc_a-fstatr.o)
 .debug_info    0x00039046      0x75d /usr/lib/gcc/arm-none-eabi/14.2.0/../../../../arm-none-eabi/lib/thumb/v6-m/nofp/libc_nano.a(libc_a-isattyr.o)
 .debug_info    0x000397a3      0x794 /usr/lib/gcc/arm-none-eabi/14.2.0/../../../../arm-none-eabi/lib/thumb/v6-m/nofp/libc_nano.a(libc_a-msizer.o)
 .debug_info    0x00039f37       0x31 /usr/lib/gcc/arm-none-eabi/14.2.0/thumb/v6-m/nofp/libgcc.a(_thumb1_case_shi.o)
 .debug_info    0x00039f68       0x3d /usr/lib/gcc/arm-none-eabi/14.2.0/thumb/v6-m/nofp/libgcc.a(_udivsi3.o)
 .debug_info    0x00039fa5       0x3e /usr/lib/gcc/arm-none-eabi/14.2.0/thumb/v6-m/nofp/libgcc.a(_divsi3.o)
 .debug_info    0x00039fe3       0x3c /usr/lib/gcc/arm-none-eabi/14.2.0/thumb/v6-m/nofp/libgcc.a(_dvmd_tls.o)

.debug_abbrev   0x00000000     0x9983
 .debug_abbrev  0x00000000      0x3d3 build/main.o
 .debug_abbrev  0x000003d3      0x18c build/gpio.o
 .debug_abbrev  0x0000055f      0x220 build/adc.o
 .debug_abbrev  0x0000077f      0x147 build/dma.o
 .debug_abbrev  0x000008c6      0x215 build/fdcan.o
 .debug_abbrev  0x00000adb      0x182 build/iwdg.o
 .debug_abbrev  0x00000c5d      0x218 build/spi.o
 .debug_abbrev  0x00000e75      0x261 build/tim.o
 .debug_abbrev  0x000010d6      0x1b5 build/stm32g0xx_it.o
 .debug_abbrev  0x0000128b      0x115 build/stm32g0xx_hal_msp.o
 .debug_abbrev  0x000013a0      0x26a build/stm32g0xx_hal_timebase_tim.o
 .debug_abbrev  0x0000160a      0x1b4 build/usb_device.o
 .debug_abbrev  0x000017be      0x263 build/usbd_desc.o
 .debug_abbrev  0x00001a21      0x2f2 build/usbd_cdc_if.o
 .debug_abbrev  0x00001d13      0x39f build/usbd_conf.o
 .debug_abbrev  0x000020b2      0x2ce build/stm32g0xx_hal_tim.o
 .debug_abbrev  0x00002380      0x2c3 build/stm32g0xx_hal_tim_ex.o
 .debug_abbrev  0x00002643      0x352 build/stm32g0xx_hal_pcd.o
 .debug_abbrev  0x00002995      0x290 build/stm32g0xx_hal_pcd_ex.o
 .debug_abbrev  0x00002c25      0x364 build/stm32g0xx_ll_usb.o
 .debug_abbrev  0x00002f89      0x319 build/stm32g0xx_hal_rcc.o
 .debug_abbrev  0x000032a2      0x2b8 build/stm32g0xx_hal_rcc_ex.o
 .debug_abbrev  0x0000355a      0x237 build/stm32g0xx_hal_gpio.o
 .debug_abbrev  0x00003791      0x276 build/stm32g0xx_hal_dma.o
 .debug_abbrev  0x00003a07      0x28d build/stm32g0xx_hal_pwr_ex.o
 .debug_abbrev  0x00003c94      0x32e build/stm32g0xx_hal_cortex.o
 .debug_abbrev  0x00003fc2      0x2aa build/stm32g0xx_hal.o
 .debug_abbrev  0x0000426c      0x34c build/stm32g0xx_hal_adc.o
 .debug_abbrev  0x000045b8      0x232 build/stm32g0xx_hal_fdcan.o
 .debug_abbrev  0x000047ea      0x187 build/stm32g0xx_hal_iwdg.o
 .debug_abbrev  0x00004971      0x2c8 build/stm32g0xx_hal_spi.o
 .debug_abbrev  0x00004c39      0x145 build/system_stm32g0xx.o
 .debug_abbrev  0x00004d7e      0x2ff build/usbd_core.o
 .debug_abbrev  0x0000507d      0x371 build/usbd_ctlreq.o
 .debug_abbrev  0x000053ee      0x1ad build/usbd_ioreq.o